Archive member included to satisfy reference by file (symbol)

c:/st/stm32cubeide_1.6.1/stm32cubeide/plugins/com.st.stm32cube.ide.mcu.externaltools.gnu-tools-for-stm32.9-2020-q2-update.win32_1.5.0.202011040924/tools/bin/../lib/gcc/arm-none-eabi/9.3.1/../../../../arm-none-eabi/lib/thumb/v7e-m+fp/hard\libc_nano.a(lib_a-errno.o)
                              Core/Src/syscalls.o (__errno)
c:/st/stm32cubeide_1.6.1/stm32cubeide/plugins/com.st.stm32cube.ide.mcu.externaltools.gnu-tools-for-stm32.9-2020-q2-update.win32_1.5.0.202011040924/tools/bin/../lib/gcc/arm-none-eabi/9.3.1/../../../../arm-none-eabi/lib/thumb/v7e-m+fp/hard\libc_nano.a(lib_a-exit.o)
                              c:/st/stm32cubeide_1.6.1/stm32cubeide/plugins/com.st.stm32cube.ide.mcu.externaltools.gnu-tools-for-stm32.9-2020-q2-update.win32_1.5.0.202011040924/tools/bin/../lib/gcc/arm-none-eabi/9.3.1/../../../../arm-none-eabi/lib/thumb/v7e-m+fp/hard/crt0.o (exit)
c:/st/stm32cubeide_1.6.1/stm32cubeide/plugins/com.st.stm32cube.ide.mcu.externaltools.gnu-tools-for-stm32.9-2020-q2-update.win32_1.5.0.202011040924/tools/bin/../lib/gcc/arm-none-eabi/9.3.1/../../../../arm-none-eabi/lib/thumb/v7e-m+fp/hard\libc_nano.a(lib_a-impure.o)
                              c:/st/stm32cubeide_1.6.1/stm32cubeide/plugins/com.st.stm32cube.ide.mcu.externaltools.gnu-tools-for-stm32.9-2020-q2-update.win32_1.5.0.202011040924/tools/bin/../lib/gcc/arm-none-eabi/9.3.1/../../../../arm-none-eabi/lib/thumb/v7e-m+fp/hard\libc_nano.a(lib_a-exit.o) (_global_impure_ptr)
c:/st/stm32cubeide_1.6.1/stm32cubeide/plugins/com.st.stm32cube.ide.mcu.externaltools.gnu-tools-for-stm32.9-2020-q2-update.win32_1.5.0.202011040924/tools/bin/../lib/gcc/arm-none-eabi/9.3.1/../../../../arm-none-eabi/lib/thumb/v7e-m+fp/hard\libc_nano.a(lib_a-init.o)
                              c:/st/stm32cubeide_1.6.1/stm32cubeide/plugins/com.st.stm32cube.ide.mcu.externaltools.gnu-tools-for-stm32.9-2020-q2-update.win32_1.5.0.202011040924/tools/bin/../lib/gcc/arm-none-eabi/9.3.1/../../../../arm-none-eabi/lib/thumb/v7e-m+fp/hard/crt0.o (__libc_init_array)
c:/st/stm32cubeide_1.6.1/stm32cubeide/plugins/com.st.stm32cube.ide.mcu.externaltools.gnu-tools-for-stm32.9-2020-q2-update.win32_1.5.0.202011040924/tools/bin/../lib/gcc/arm-none-eabi/9.3.1/../../../../arm-none-eabi/lib/thumb/v7e-m+fp/hard\libc_nano.a(lib_a-memcpy-stub.o)
                              Core/Src/MY_ILI9341.o (memcpy)
c:/st/stm32cubeide_1.6.1/stm32cubeide/plugins/com.st.stm32cube.ide.mcu.externaltools.gnu-tools-for-stm32.9-2020-q2-update.win32_1.5.0.202011040924/tools/bin/../lib/gcc/arm-none-eabi/9.3.1/../../../../arm-none-eabi/lib/thumb/v7e-m+fp/hard\libc_nano.a(lib_a-memset.o)
                              c:/st/stm32cubeide_1.6.1/stm32cubeide/plugins/com.st.stm32cube.ide.mcu.externaltools.gnu-tools-for-stm32.9-2020-q2-update.win32_1.5.0.202011040924/tools/bin/../lib/gcc/arm-none-eabi/9.3.1/../../../../arm-none-eabi/lib/thumb/v7e-m+fp/hard/crt0.o (memset)
c:/st/stm32cubeide_1.6.1/stm32cubeide/plugins/com.st.stm32cube.ide.mcu.externaltools.gnu-tools-for-stm32.9-2020-q2-update.win32_1.5.0.202011040924/tools/bin/../lib/gcc/arm-none-eabi/9.3.1/../../../../arm-none-eabi/lib/thumb/v7e-m+fp/hard\libc_nano.a(lib_a-snprintf.o)
                              Core/Src/TSC2046.o (snprintf)
c:/st/stm32cubeide_1.6.1/stm32cubeide/plugins/com.st.stm32cube.ide.mcu.externaltools.gnu-tools-for-stm32.9-2020-q2-update.win32_1.5.0.202011040924/tools/bin/../lib/gcc/arm-none-eabi/9.3.1/../../../../arm-none-eabi/lib/thumb/v7e-m+fp/hard\libc_nano.a(lib_a-nano-svfprintf.o)
                              c:/st/stm32cubeide_1.6.1/stm32cubeide/plugins/com.st.stm32cube.ide.mcu.externaltools.gnu-tools-for-stm32.9-2020-q2-update.win32_1.5.0.202011040924/tools/bin/../lib/gcc/arm-none-eabi/9.3.1/../../../../arm-none-eabi/lib/thumb/v7e-m+fp/hard\libc_nano.a(lib_a-snprintf.o) (_svfprintf_r)
c:/st/stm32cubeide_1.6.1/stm32cubeide/plugins/com.st.stm32cube.ide.mcu.externaltools.gnu-tools-for-stm32.9-2020-q2-update.win32_1.5.0.202011040924/tools/bin/../lib/gcc/arm-none-eabi/9.3.1/../../../../arm-none-eabi/lib/thumb/v7e-m+fp/hard\libc_nano.a(lib_a-nano-vfprintf_i.o)
                              c:/st/stm32cubeide_1.6.1/stm32cubeide/plugins/com.st.stm32cube.ide.mcu.externaltools.gnu-tools-for-stm32.9-2020-q2-update.win32_1.5.0.202011040924/tools/bin/../lib/gcc/arm-none-eabi/9.3.1/../../../../arm-none-eabi/lib/thumb/v7e-m+fp/hard\libc_nano.a(lib_a-nano-svfprintf.o) (_printf_i)
c:/st/stm32cubeide_1.6.1/stm32cubeide/plugins/com.st.stm32cube.ide.mcu.externaltools.gnu-tools-for-stm32.9-2020-q2-update.win32_1.5.0.202011040924/tools/bin/../lib/gcc/arm-none-eabi/9.3.1/../../../../arm-none-eabi/lib/thumb/v7e-m+fp/hard\libc_nano.a(lib_a-memchr.o)
[...]
Memory Configuration

Name             Origin             Length             Attributes
CCMRAM           0x0000000010000000 0x0000000000010000 xrw
RAM              0x0000000020000000 0x0000000000020000 xrw
FLASH            0x0000000008000000 0x0000000000100000 xr
*default*        0x0000000000000000 0xffffffffffffffff

Linker script and memory map

LOAD c:/st/stm32cubeide_1.6.1/stm32cubeide/plugins/com.st.stm32cube.ide.mcu.externaltools.gnu-tools-for-stm32.9-2020-q2-update.win32_1.5.0.202011040924/tools/bin/../lib/gcc/arm-none-eabi/9.3.1/thumb/v7e-m+fp/hard/crti.o
LOAD c:/st/stm32cubeide_1.6.1/stm32cubeide/plugins/com.st.stm32cube.ide.mcu.externaltools.gnu-tools-for-stm32.9-2020-q2-update.win32_1.5.0.202011040924/tools/bin/../lib/gcc/arm-none-eabi/9.3.1/thumb/v7e-m+fp/hard/crtbegin.o
LOAD c:/st/stm32cubeide_1.6.1/stm32cubeide/plugins/com.st.stm32cube.ide.mcu.externaltools.gnu-tools-for-stm32.9-2020-q2-update.win32_1.5.0.202011040924/tools/bin/../lib/gcc/arm-none-eabi/9.3.1/../../../../arm-none-eabi/lib/thumb/v7e-m+fp/hard/crt0.o
LOAD Core/Src/Gui.o
LOAD Core/Src/MY_ILI9341.o
LOAD Core/Src/TSC2046.o
LOAD Core/Src/main.o
LOAD Core/Src/motor_driver.o
LOAD Core/Src/stm32f4xx_hal_msp.o
LOAD Core/Src/stm32f4xx_it.o
LOAD Core/Src/syscalls.o
LOAD Core/Src/sysmem.o
LOAD Core/Src/system_stm32f4xx.o
LOAD Core/Startup/startup_stm32f405rgtx.o
LOAD Drivers/STM32F4xx_HAL_Driver/Src/stm32f4xx_hal.o
LOAD Drivers/STM32F4xx_HAL_Driver/Src/stm32f4xx_hal_cortex.o
LOAD Drivers/STM32F4xx_HAL_Driver/Src/stm32f4xx_hal_dma.o
LOAD Drivers/STM32F4xx_HAL_Driver/Src/stm32f4xx_hal_dma_ex.o
LOAD Drivers/STM32F4xx_HAL_Driver/Src/stm32f4xx_hal_exti.o
LOAD Drivers/STM32F4xx_HAL_Driver/Src/stm32f4xx_hal_flash.o
LOAD Drivers/STM32F4xx_HAL_Driver/Src/stm32f4xx_hal_flash_ex.o
LOAD Drivers/STM32F4xx_HAL_Driver/Src/stm32f4xx_hal_flash_ramfunc.o
LOAD Drivers/STM32F4xx_HAL_Driver/Src/stm32f4xx_hal_gpio.o
LOAD Drivers/STM32F4xx_HAL_Driver/Src/stm32f4xx_hal_pcd.o
LOAD Drivers/STM32F4xx_HAL_Driver/Src/stm32f4xx_hal_pcd_ex.o
LOAD Drivers/STM32F4xx_HAL_Driver/Src/stm32f4xx_hal_pwr.o
LOAD Drivers/STM32F4xx_HAL_Driver/Src/stm32f4xx_hal_pwr_ex.o
LOAD Drivers/STM32F4xx_HAL_Driver/Src/stm32f4xx_hal_rcc.o
LOAD Drivers/STM32F4xx_HAL_Driver/Src/stm32f4xx_hal_rcc_ex.o
LOAD Drivers/STM32F4xx_HAL_Driver/Src/stm32f4xx_hal_spi.o
LOAD Drivers/STM32F4xx_HAL_Driver/Src/stm32f4xx_hal_tim.o
LOAD Drivers/STM32F4xx_HAL_Driver/Src/stm32f4xx_hal_tim_ex.o
LOAD Drivers/STM32F4xx_HAL_Driver/Src/stm32f4xx_ll_usb.o
LOAD Middlewares/ST/STM32_USB_Device_Library/Class/CDC/Src/usbd_cdc.o
LOAD Middlewares/ST/STM32_USB_Device_Library/Core/Src/usbd_core.o
LOAD Middlewares/ST/STM32_USB_Device_Library/Core/Src/usbd_ctlreq.o
LOAD Middlewares/ST/STM32_USB_Device_Library/Core/Src/usbd_ioreq.o
LOAD USB_DEVICE/App/usb_device.o
LOAD USB_DEVICE/App/usbd_cdc_if.o
LOAD USB_DEVICE/App/usbd_desc.o
LOAD USB_DEVICE/Target/usbd_conf.o
START GROUP
LOAD c:/st/stm32cubeide_1.6.1/stm32cubeide/plugins/com.st.stm32cube.ide.mcu.externaltools.gnu-tools-for-stm32.9-2020-q2-update.win32_1.5.0.202011040924/tools/bin/../lib/gcc/arm-none-eabi/9.3.1/../../../../arm-none-eabi/lib/thumb/v7e-m+fp/hard\libstdc++_nano.a
LOAD c:/st/stm32cubeide_1.6.1/stm32cubeide/plugins/com.st.stm32cube.ide.mcu.externaltools.gnu-tools-for-stm32.9-2020-q2-update.win32_1.5.0.202011040924/tools/bin/../lib/gcc/arm-none-eabi/9.3.1/../../../../arm-none-eabi/lib/thumb/v7e-m+fp/hard\libsupc++_nano.a
END GROUP
LOAD c:/st/stm32cubeide_1.6.1/stm32cubeide/plugins/com.st.stm32cube.ide.mcu.externaltools.gnu-tools-for-stm32.9-2020-q2-update.win32_1.5.0.202011040924/tools/bin/../lib/gcc/arm-none-eabi/9.3.1/../../../../arm-none-eabi/lib/thumb/v7e-m+fp/hard\libstdc++_nano.a
LOAD c:/st/stm32cubeide_1.6.1/stm32cubeide/plugins/com.st.stm32cube.ide.mcu.externaltools.gnu-tools-for-stm32.9-2020-q2-update.win32_1.5.0.202011040924/tools/bin/../lib/gcc/arm-none-eabi/9.3.1/../../../../arm-none-eabi/lib/thumb/v7e-m+fp/hard\libm.a
LOAD c:/st/stm32cubeide_1.6.1/stm32cubeide/plugins/com.st.stm32cube.ide.mcu.externaltools.gnu-tools-for-stm32.9-2020-q2-update.win32_1.5.0.202011040924/tools/bin/../lib/gcc/arm-none-eabi/9.3.1/../../../../arm-none-eabi/lib/thumb/v7e-m+fp/hard\libc_nano.a
START GROUP
LOAD c:/st/stm32cubeide_1.6.1/stm32cubeide/plugins/com.st.stm32cube.ide.mcu.externaltools.gnu-tools-for-stm32.9-2020-q2-update.win32_1.5.0.202011040924/tools/bin/../lib/gcc/arm-none-eabi/9.3.1/thumb/v7e-m+fp/hard\libgcc.a
LOAD c:/st/stm32cubeide_1.6.1/stm32cubeide/plugins/com.st.stm32cube.ide.mcu.externaltools.gnu-tools-for-stm32.9-2020-q2-update.win32_1.5.0.202011040924/tools/bin/../lib/gcc/arm-none-eabi/9.3.1/../../../../arm-none-eabi/lib/thumb/v7e-m+fp/hard\libc_nano.a
END GROUP
START GROUP
LOAD c:/st/stm32cubeide_1.6.1/stm32cubeide/plugins/com.st.stm32cube.ide.mcu.externaltools.gnu-tools-for-stm32.9-2020-q2-update.win32_1.5.0.202011040924/tools/bin/../lib/gcc/arm-none-eabi/9.3.1/thumb/v7e-m+fp/hard\libgcc.a
LOAD c:/st/stm32cubeide_1.6.1/stm32cubeide/plugins/com.st.stm32cube.ide.mcu.externaltools.gnu-tools-for-stm32.9-2020-q2-update.win32_1.5.0.202011040924/tools/bin/../lib/gcc/arm-none-eabi/9.3.1/../../../../arm-none-eabi/lib/thumb/v7e-m+fp/hard\libc_nano.a
LOAD c:/st/stm32cubeide_1.6.1/stm32cubeide/plugins/com.st.stm32cube.ide.mcu.externaltools.gnu-tools-for-stm32.9-2020-q2-update.win32_1.5.0.202011040924/tools/bin/../lib/gcc/arm-none-eabi/9.3.1/../../../../arm-none-eabi/lib/thumb/v7e-m+fp/hard\libnosys.a
END GROUP
START GROUP
LOAD c:/st/stm32cubeide_1.6.1/stm32cubeide/plugins/com.st.stm32cube.ide.mcu.externaltools.gnu-tools-for-stm32.9-2020-q2-update.win32_1.5.0.202011040924/tools/bin/../lib/gcc/arm-none-eabi/9.3.1/thumb/v7e-m+fp/hard\libgcc.a
LOAD c:/st/stm32cubeide_1.6.1/stm32cubeide/plugins/com.st.stm32cube.ide.mcu.externaltools.gnu-tools-for-stm32.9-2020-q2-update.win32_1.5.0.202011040924/tools/bin/../lib/gcc/arm-none-eabi/9.3.1/../../../../arm-none-eabi/lib/thumb/v7e-m+fp/hard\libc_nano.a
LOAD c:/st/stm32cubeide_1.6.1/stm32cubeide/plugins/com.st.stm32cube.ide.mcu.externaltools.gnu-tools-for-stm32.9-2020-q2-update.win32_1.5.0.202011040924/tools/bin/../lib/gcc/arm-none-eabi/9.3.1/../../../../arm-none-eabi/lib/thumb/v7e-m+fp/hard\libnosys.a
END GROUP
LOAD c:/st/stm32cubeide_1.6.1/stm32cubeide/plugins/com.st.stm32cube.ide.mcu.externaltools.gnu-tools-for-stm32.9-2020-q2-update.win32_1.5.0.202011040924/tools/bin/../lib/gcc/arm-none-eabi/9.3.1/thumb/v7e-m+fp/hard/crtend.o
LOAD c:/st/stm32cubeide_1.6.1/stm32cubeide/plugins/com.st.stm32cube.ide.mcu.externaltools.gnu-tools-for-stm32.9-2020-q2-update.win32_1.5.0.202011040924/tools/bin/../lib/gcc/arm-none-eabi/9.3.1/thumb/v7e-m+fp/hard/crtn.o
                0x0000000020020000                _estack = (ORIGIN (RAM) + LENGTH (RAM))
                0x0000000000000200                _Min_Heap_Size = 0x200
                0x0000000000000400                _Min_Stack_Size = 0x400

.isr_vector     0x0000000008000000      0x188
                0x0000000008000000                . = ALIGN (0x4)
 *(.isr_vector)
 .isr_vector    0x0000000008000000      0x188 Core/Startup/startup_stm32f405rgtx.o
                0x0000000008000000                g_pfnVectors
                0x0000000008000188                . = ALIGN (0x4)

.text           0x0000000008000188     0x7edc
                0x0000000008000188                . = ALIGN (0x4)
 *(.text)
 .text          0x0000000008000188       0x40 c:/st/stm32cubeide_1.6.1/stm32cubeide/plugins/com.st.stm32cube.ide.mcu.externaltools.gnu-tools-for-stm32.9-2020-q2-update.win32_1.5.0.202011040924/tools/bin/../lib/gcc/arm-none-eabi/9.3.1/thumb/v7e-m+fp/hard/crtbegin.o
 .text          0x00000000080001c8       0x30 c:/st/stm32cubeide_1.6.1/stm32cubeide/plugins/com.st.stm32cube.ide.mcu.externaltools.gnu-tools-for-stm32.9-2020-q2-update.win32_1.5.0.202011040924/tools/bin/../lib/gcc/arm-none-eabi/9.3.1/thumb/v7e-m+fp/hard\libgcc.a(_aeabi_uldivmod.o)
                0x00000000080001c8                __aeabi_uldivmod
 .text          0x00000000080001f8      0x2c4 c:/st/stm32cubeide_1.6.1/stm32cubeide/plugins/com.st.stm32cube.ide.mcu.externaltools.gnu-tools-for-stm32.9-2020-q2-update.win32_1.5.0.202011040924/tools/bin/../lib/gcc/arm-none-eabi/9.3.1/thumb/v7e-m+fp/hard\libgcc.a(_udivmoddi4.o)
                0x00000000080001f8                __udivmoddi4
 .text          0x00000000080004bc        0x4 c:/st/stm32cubeide_1.6.1/stm32cubeide/plugins/com.st.stm32cube.ide.mcu.externaltools.gnu-tools-for-stm32.9-2020-q2-update.win32_1.5.0.202011040924/tools/bin/../lib/gcc/arm-none-eabi/9.3.1/thumb/v7e-m+fp/hard\libgcc.a(_dvmd_tls.o)
                0x00000000080004bc                __aeabi_idiv0
                0x00000000080004bc                __aeabi_ldiv0
 *(.text*)
 .text.ILI9341_SendCommand
                0x00000000080004c0       0x68 Core/Src/MY_ILI9341.o
                0x00000000080004c0                ILI9341_SendCommand
 .text.ILI9341_SendData
                0x0000000008000528       0x68 Core/Src/MY_ILI9341.o
                0x0000000008000528                ILI9341_SendData
 .text.ILI9341_SetCursorPosition
                0x0000000008000590       0x98 Core/Src/MY_ILI9341.o
                0x0000000008000590                ILI9341_SetCursorPosition
 .text.ILI9341_Init
                0x0000000008000628      0x180 Core/Src/MY_ILI9341.o
                0x0000000008000628                ILI9341_Init
 .text.ILI9341_DrawPixel
                0x00000000080007a8       0x3e Core/Src/MY_ILI9341.o
                0x00000000080007a8                ILI9341_DrawPixel
 *fill*         0x00000000080007e6        0x2 
 .text.ILI9341_Fill
                0x00000000080007e8       0x88 Core/Src/MY_ILI9341.o
                0x00000000080007e8                ILI9341_Fill
 .text.ILI9341_Fill_Rect
                0x0000000008000870       0x76 Core/Src/MY_ILI9341.o
                0x0000000008000870                ILI9341_Fill_Rect
 *fill*         0x00000000080008e6        0x2 
 .text.ILI9341_drawChar
                0x00000000080008e8      0x28c Core/Src/MY_ILI9341.o
                0x00000000080008e8                ILI9341_drawChar
 .text.ILI9341_printText
                0x0000000008000b74       0x82 Core/Src/MY_ILI9341.o
                0x0000000008000b74                ILI9341_printText
 *fill*         0x0000000008000bf6        0x2 
 .text.ILI9341_setRotation
                0x0000000008000bf8       0x98 Core/Src/MY_ILI9341.o
                0x0000000008000bf8                ILI9341_setRotation
 .text.main     0x0000000008000c90       0x90 Core/Src/main.o
                0x0000000008000c90                main
 .text.SystemClock_Config
                0x0000000008000d20       0xd8 Core/Src/main.o
                0x0000000008000d20                SystemClock_Config
 .text.MX_SPI1_Init
                0x0000000008000df8       0x6c Core/Src/main.o
 .text.MX_TIM4_Init
                0x0000000008000e64       0xec Core/Src/main.o
 .text.MX_GPIO_Init
                0x0000000008000f50       0xf4 Core/Src/main.o
 .text.Error_Handler
                0x0000000008001044        0xa Core/Src/main.o
                0x0000000008001044                Error_Handler
 *fill*         0x000000000800104e        0x2 
 .text.HAL_MspInit
                0x0000000008001050       0x50 Core/Src/stm32f4xx_hal_msp.o
                0x0000000008001050                HAL_MspInit
 .text.HAL_SPI_MspInit
                0x00000000080010a0       0x90 Core/Src/stm32f4xx_hal_msp.o
                0x00000000080010a0                HAL_SPI_MspInit
 .text.HAL_TIM_Base_MspInit
                0x0000000008001130       0x44 Core/Src/stm32f4xx_hal_msp.o
                0x0000000008001130                HAL_TIM_Base_MspInit
 .text.HAL_TIM_MspPostInit
                0x0000000008001174       0x74 Core/Src/stm32f4xx_hal_msp.o
                0x0000000008001174                HAL_TIM_MspPostInit
 .text.NMI_Handler
                0x00000000080011e8        0x6 Core/Src/stm32f4xx_it.o
                0x00000000080011e8                NMI_Handler
 .text.HardFault_Handler
                0x00000000080011ee        0x6 Core/Src/stm32f4xx_it.o
                0x00000000080011ee                HardFault_Handler
 .text.MemManage_Handler
                0x00000000080011f4        0x6 Core/Src/stm32f4xx_it.o
                0x00000000080011f4                MemManage_Handler
 .text.BusFault_Handler
                0x00000000080011fa        0x6 Core/Src/stm32f4xx_it.o
                0x00000000080011fa                BusFault_Handler
 .text.UsageFault_Handler
                0x0000000008001200        0x6 Core/Src/stm32f4xx_it.o
                0x0000000008001200                UsageFault_Handler
 .text.SVC_Handler
                0x0000000008001206        0xe Core/Src/stm32f4xx_it.o
                0x0000000008001206                SVC_Handler
 .text.DebugMon_Handler
                0x0000000008001214        0xe Core/Src/stm32f4xx_it.o
                0x0000000008001214                DebugMon_Handler
 .text.PendSV_Handler
                0x0000000008001222        0xe Core/Src/stm32f4xx_it.o
                0x0000000008001222                PendSV_Handler
 .text.SysTick_Handler
                0x0000000008001230        0xc Core/Src/stm32f4xx_it.o
                0x0000000008001230                SysTick_Handler
 .text.OTG_FS_IRQHandler
                0x000000000800123c       0x14 Core/Src/stm32f4xx_it.o
                0x000000000800123c                OTG_FS_IRQHandler
 .text.SystemInit
                0x0000000008001250       0x24 Core/Src/system_stm32f4xx.o
                0x0000000008001250                SystemInit
 .text.Reset_Handler
                0x0000000008001274       0x50 Core/Startup/startup_stm32f405rgtx.o
                0x0000000008001274                Reset_Handler
 .text.Default_Handler
                0x00000000080012c4        0x2 Core/Startup/startup_stm32f405rgtx.o
                0x00000000080012c4                RTC_Alarm_IRQHandler
                0x00000000080012c4                HASH_RNG_IRQHandler
                0x00000000080012c4                EXTI2_IRQHandler
                0x00000000080012c4                TIM8_CC_IRQHandler
                0x00000000080012c4                TIM1_CC_IRQHandler
                0x00000000080012c4                DMA2_Stream5_IRQHandler
                0x00000000080012c4                DMA1_Stream5_IRQHandler
                0x00000000080012c4                PVD_IRQHandler
                0x00000000080012c4                SDIO_IRQHandler
                0x00000000080012c4                TAMP_STAMP_IRQHandler
                0x00000000080012c4                CAN2_RX1_IRQHandler
                0x00000000080012c4                EXTI3_IRQHandler
                0x00000000080012c4                TIM8_TRG_COM_TIM14_IRQHandler
                0x00000000080012c4                TIM1_UP_TIM10_IRQHandler
                0x00000000080012c4                TIM8_UP_TIM13_IRQHandler
                0x00000000080012c4                I2C3_ER_IRQHandler
                0x00000000080012c4                EXTI0_IRQHandler
                0x00000000080012c4                I2C2_EV_IRQHandler
                0x00000000080012c4                DMA1_Stream2_IRQHandler
                0x00000000080012c4                CAN1_RX0_IRQHandler
                0x00000000080012c4                FPU_IRQHandler
                0x00000000080012c4                OTG_HS_WKUP_IRQHandler
                0x00000000080012c4                CAN2_SCE_IRQHandler
                0x00000000080012c4                DMA2_Stream2_IRQHandler
                0x00000000080012c4                SPI1_IRQHandler
                0x00000000080012c4                TIM6_DAC_IRQHandler
                0x00000000080012c4                TIM1_BRK_TIM9_IRQHandler
                0x00000000080012c4                CAN2_RX0_IRQHandler
                0x00000000080012c4                DMA2_Stream3_IRQHandler
                0x00000000080012c4                USART6_IRQHandler
                0x00000000080012c4                USART3_IRQHandler
                0x00000000080012c4                CAN1_RX1_IRQHandler
                0x00000000080012c4                UART5_IRQHandler
                0x00000000080012c4                DMA2_Stream0_IRQHandler
                0x00000000080012c4                TIM4_IRQHandler
                0x00000000080012c4                I2C1_EV_IRQHandler
                0x00000000080012c4                DMA1_Stream6_IRQHandler
                0x00000000080012c4                DMA1_Stream1_IRQHandler
                0x00000000080012c4                UART4_IRQHandler
                0x00000000080012c4                TIM3_IRQHandler
                0x00000000080012c4                RCC_IRQHandler
                0x00000000080012c4                TIM8_BRK_TIM12_IRQHandler
                0x00000000080012c4                Default_Handler
                0x00000000080012c4                EXTI15_10_IRQHandler
                0x00000000080012c4                ADC_IRQHandler
                0x00000000080012c4                DMA1_Stream7_IRQHandler
                0x00000000080012c4                TIM7_IRQHandler
                0x00000000080012c4                CAN2_TX_IRQHandler
                0x00000000080012c4                TIM5_IRQHandler
                0x00000000080012c4                DMA2_Stream7_IRQHandler
                0x00000000080012c4                I2C3_EV_IRQHandler
                0x00000000080012c4                EXTI9_5_IRQHandler
                0x00000000080012c4                RTC_WKUP_IRQHandler
                0x00000000080012c4                SPI2_IRQHandler
                0x00000000080012c4                OTG_HS_EP1_IN_IRQHandler
                0x00000000080012c4                DMA1_Stream0_IRQHandler
                0x00000000080012c4                CAN1_TX_IRQHandler
                0x00000000080012c4                EXTI4_IRQHandler
                0x00000000080012c4                FSMC_IRQHandler
                0x00000000080012c4                OTG_HS_EP1_OUT_IRQHandler
                0x00000000080012c4                WWDG_IRQHandler
                0x00000000080012c4                TIM2_IRQHandler
                0x00000000080012c4                OTG_FS_WKUP_IRQHandler
                0x00000000080012c4                TIM1_TRG_COM_TIM11_IRQHandler
                0x00000000080012c4                OTG_HS_IRQHandler
                0x00000000080012c4                EXTI1_IRQHandler
                0x00000000080012c4                USART2_IRQHandler
                0x00000000080012c4                I2C2_ER_IRQHandler
                0x00000000080012c4                DMA2_Stream1_IRQHandler
                0x00000000080012c4                CAN1_SCE_IRQHandler
                0x00000000080012c4                FLASH_IRQHandler
                0x00000000080012c4                DMA2_Stream4_IRQHandler
                0x00000000080012c4                USART1_IRQHandler
                0x00000000080012c4                SPI3_IRQHandler
                0x00000000080012c4                DMA1_Stream4_IRQHandler
                0x00000000080012c4                I2C1_ER_IRQHandler
                0x00000000080012c4                DMA2_Stream6_IRQHandler
                0x00000000080012c4                DMA1_Stream3_IRQHandler
 *fill*         0x00000000080012c6        0x2 
 .text.HAL_Init
                0x00000000080012c8       0x44 Drivers/STM32F4xx_HAL_Driver/Src/stm32f4xx_hal.o
                0x00000000080012c8                HAL_Init
 .text.HAL_InitTick
                0x000000000800130c       0x60 Drivers/STM32F4xx_HAL_Driver/Src/stm32f4xx_hal.o
                0x000000000800130c                HAL_InitTick
 .text.HAL_IncTick
                0x000000000800136c       0x28 Drivers/STM32F4xx_HAL_Driver/Src/stm32f4xx_hal.o
                0x000000000800136c                HAL_IncTick
 .text.HAL_GetTick
                0x0000000008001394       0x18 Drivers/STM32F4xx_HAL_Driver/Src/stm32f4xx_hal.o
                0x0000000008001394                HAL_GetTick
 .text.HAL_Delay
                0x00000000080013ac       0x48 Drivers/STM32F4xx_HAL_Driver/Src/stm32f4xx_hal.o
                0x00000000080013ac                HAL_Delay
 .text.__NVIC_SetPriorityGrouping
                0x00000000080013f4       0x48 Drivers/STM32F4xx_HAL_Driver/Src/stm32f4xx_hal_cortex.o
 .text.__NVIC_GetPriorityGrouping
                0x000000000800143c       0x1c Drivers/STM32F4xx_HAL_Driver/Src/stm32f4xx_hal_cortex.o
 .text.__NVIC_EnableIRQ
                0x0000000008001458       0x3c Drivers/STM32F4xx_HAL_Driver/Src/stm32f4xx_hal_cortex.o
 .text.__NVIC_SetPriority
                0x0000000008001494       0x54 Drivers/STM32F4xx_HAL_Driver/Src/stm32f4xx_hal_cortex.o
 .text.NVIC_EncodePriority
                0x00000000080014e8       0x66 Drivers/STM32F4xx_HAL_Driver/Src/stm32f4xx_hal_cortex.o
 *fill*         0x000000000800154e        0x2 
 .text.SysTick_Config
                0x0000000008001550       0x44 Drivers/STM32F4xx_HAL_Driver/Src/stm32f4xx_hal_cortex.o
 .text.HAL_NVIC_SetPriorityGrouping
                0x0000000008001594       0x16 Drivers/STM32F4xx_HAL_Driver/Src/stm32f4xx_hal_cortex.o
                0x0000000008001594                HAL_NVIC_SetPriorityGrouping
 .text.HAL_NVIC_SetPriority
                0x00000000080015aa       0x38 Drivers/STM32F4xx_HAL_Driver/Src/stm32f4xx_hal_cortex.o
                0x00000000080015aa                HAL_NVIC_SetPriority
 .text.HAL_NVIC_EnableIRQ
                0x00000000080015e2       0x1c Drivers/STM32F4xx_HAL_Driver/Src/stm32f4xx_hal_cortex.o
                0x00000000080015e2                HAL_NVIC_EnableIRQ
 .text.HAL_SYSTICK_Config
                0x00000000080015fe       0x18 Drivers/STM32F4xx_HAL_Driver/Src/stm32f4xx_hal_cortex.o
                0x00000000080015fe                HAL_SYSTICK_Config
 *fill*         0x0000000008001616        0x2 
 .text.HAL_GPIO_Init
                0x0000000008001618      0x338 Drivers/STM32F4xx_HAL_Driver/Src/stm32f4xx_hal_gpio.o
                0x0000000008001618                HAL_GPIO_Init
 .text.HAL_GPIO_WritePin
                0x0000000008001950       0x32 Drivers/STM32F4xx_HAL_Driver/Src/stm32f4xx_hal_gpio.o
                0x0000000008001950                HAL_GPIO_WritePin
 .text.HAL_PCD_Init
                0x0000000008001982      0x23a Drivers/STM32F4xx_HAL_Driver/Src/stm32f4xx_hal_pcd.o
                0x0000000008001982                HAL_PCD_Init
 .text.HAL_PCD_Start
                0x0000000008001bbc       0x66 Drivers/STM32F4xx_HAL_Driver/Src/stm32f4xx_hal_pcd.o
                0x0000000008001bbc                HAL_PCD_Start
 .text.HAL_PCD_IRQHandler
                0x0000000008001c22      0x764 Drivers/STM32F4xx_HAL_Driver/Src/stm32f4xx_hal_pcd.o
                0x0000000008001c22                HAL_PCD_IRQHandler
 .text.HAL_PCD_SetAddress
                0x0000000008002386       0x4a Drivers/STM32F4xx_HAL_Driver/Src/stm32f4xx_hal_pcd.o
                0x0000000008002386                HAL_PCD_SetAddress
 .text.HAL_PCD_EP_Open
                0x00000000080023d0       0xd0 Drivers/STM32F4xx_HAL_Driver/Src/stm32f4xx_hal_pcd.o
                0x00000000080023d0                HAL_PCD_EP_Open
 .text.HAL_PCD_EP_Close
                0x00000000080024a0       0x94 Drivers/STM32F4xx_HAL_Driver/Src/stm32f4xx_hal_pcd.o
                0x00000000080024a0                HAL_PCD_EP_Close
 .text.HAL_PCD_EP_Receive
                0x0000000008002534       0x96 Drivers/STM32F4xx_HAL_Driver/Src/stm32f4xx_hal_pcd.o
                0x0000000008002534                HAL_PCD_EP_Receive
 .text.HAL_PCD_EP_GetRxCount
                0x00000000080025ca       0x30 Drivers/STM32F4xx_HAL_Driver/Src/stm32f4xx_hal_pcd.o
                0x00000000080025ca                HAL_PCD_EP_GetRxCount
 .text.HAL_PCD_EP_Transmit
                0x00000000080025fa       0x94 Drivers/STM32F4xx_HAL_Driver/Src/stm32f4xx_hal_pcd.o
                0x00000000080025fa                HAL_PCD_EP_Transmit
 .text.HAL_PCD_EP_SetStall
                0x000000000800268e       0xc8 Drivers/STM32F4xx_HAL_Driver/Src/stm32f4xx_hal_pcd.o
                0x000000000800268e                HAL_PCD_EP_SetStall
 .text.HAL_PCD_EP_ClrStall
                0x0000000008002756       0xac Drivers/STM32F4xx_HAL_Driver/Src/stm32f4xx_hal_pcd.o
                0x0000000008002756                HAL_PCD_EP_ClrStall
 .text.PCD_WriteEmptyTxFifo
                0x0000000008002802      0x11a Drivers/STM32F4xx_HAL_Driver/Src/stm32f4xx_hal_pcd.o
 .text.PCD_EP_OutXfrComplete_int
                0x000000000800291c      0x218 Drivers/STM32F4xx_HAL_Driver/Src/stm32f4xx_hal_pcd.o
 .text.PCD_EP_OutSetupPacket_int
                0x0000000008002b34       0x8c Drivers/STM32F4xx_HAL_Driver/Src/stm32f4xx_hal_pcd.o
 .text.HAL_PCDEx_SetTxFiFo
                0x0000000008002bc0       0x8e Drivers/STM32F4xx_HAL_Driver/Src/stm32f4xx_hal_pcd_ex.o
                0x0000000008002bc0                HAL_PCDEx_SetTxFiFo
 .text.HAL_PCDEx_SetRxFiFo
                0x0000000008002c4e       0x22 Drivers/STM32F4xx_HAL_Driver/Src/stm32f4xx_hal_pcd_ex.o
                0x0000000008002c4e                HAL_PCDEx_SetRxFiFo
 .text.HAL_PCDEx_LPM_Callback
                0x0000000008002c70       0x18 Drivers/STM32F4xx_HAL_Driver/Src/stm32f4xx_hal_pcd_ex.o
                0x0000000008002c70                HAL_PCDEx_LPM_Callback
 .text.HAL_RCC_OscConfig
                0x0000000008002c88      0x4f0 Drivers/STM32F4xx_HAL_Driver/Src/stm32f4xx_hal_rcc.o
                0x0000000008002c88                HAL_RCC_OscConfig
 .text.HAL_RCC_ClockConfig
                0x0000000008003178      0x1cc Drivers/STM32F4xx_HAL_Driver/Src/stm32f4xx_hal_rcc.o
                0x0000000008003178                HAL_RCC_ClockConfig
 .text.HAL_RCC_GetSysClockFreq
                0x0000000008003344      0x16c Drivers/STM32F4xx_HAL_Driver/Src/stm32f4xx_hal_rcc.o
                0x0000000008003344                HAL_RCC_GetSysClockFreq
 .text.HAL_RCC_GetHCLKFreq
                0x00000000080034b0       0x18 Drivers/STM32F4xx_HAL_Driver/Src/stm32f4xx_hal_rcc.o
                0x00000000080034b0                HAL_RCC_GetHCLKFreq
 .text.HAL_SPI_Init
                0x00000000080034c8      0x112 Drivers/STM32F4xx_HAL_Driver/Src/stm32f4xx_hal_spi.o
                0x00000000080034c8                HAL_SPI_Init
 .text.HAL_SPI_Transmit
                0x00000000080035da      0x278 Drivers/STM32F4xx_HAL_Driver/Src/stm32f4xx_hal_spi.o
                0x00000000080035da                HAL_SPI_Transmit
 *fill*         0x0000000008003852        0x2 
 .text.SPI_WaitFlagStateUntilTimeout
                0x0000000008003854      0x110 Drivers/STM32F4xx_HAL_Driver/Src/stm32f4xx_hal_spi.o
 .text.SPI_EndRxTxTransaction
                0x0000000008003964       0x84 Drivers/STM32F4xx_HAL_Driver/Src/stm32f4xx_hal_spi.o
 .text.HAL_TIM_Base_Init
                0x00000000080039e8       0x9e Drivers/STM32F4xx_HAL_Driver/Src/stm32f4xx_hal_tim.o
                0x00000000080039e8                HAL_TIM_Base_Init
 .text.HAL_TIM_PWM_Init
                0x0000000008003a86       0x9e Drivers/STM32F4xx_HAL_Driver/Src/stm32f4xx_hal_tim.o
                0x0000000008003a86                HAL_TIM_PWM_Init
 .text.HAL_TIM_PWM_MspInit
                0x0000000008003b24       0x14 Drivers/STM32F4xx_HAL_Driver/Src/stm32f4xx_hal_tim.o
                0x0000000008003b24                HAL_TIM_PWM_MspInit
 .text.HAL_TIM_PWM_Start
                0x0000000008003b38      0x190 Drivers/STM32F4xx_HAL_Driver/Src/stm32f4xx_hal_tim.o
                0x0000000008003b38                HAL_TIM_PWM_Start
 .text.HAL_TIM_PWM_ConfigChannel
                0x0000000008003cc8      0x17c Drivers/STM32F4xx_HAL_Driver/Src/stm32f4xx_hal_tim.o
                0x0000000008003cc8                HAL_TIM_PWM_ConfigChannel
 .text.HAL_TIM_ConfigClockSource
                0x0000000008003e44      0x188 Drivers/STM32F4xx_HAL_Driver/Src/stm32f4xx_hal_tim.o
                0x0000000008003e44                HAL_TIM_ConfigClockSource
 .text.TIM_Base_SetConfig
                0x0000000008003fcc      0x140 Drivers/STM32F4xx_HAL_Driver/Src/stm32f4xx_hal_tim.o
                0x0000000008003fcc                TIM_Base_SetConfig
 .text.TIM_OC1_SetConfig
                0x000000000800410c       0xe0 Drivers/STM32F4xx_HAL_Driver/Src/stm32f4xx_hal_tim.o
 .text.TIM_OC2_SetConfig
                0x00000000080041ec       0xec Drivers/STM32F4xx_HAL_Driver/Src/stm32f4xx_hal_tim.o
                0x00000000080041ec                TIM_OC2_SetConfig
 .text.TIM_OC3_SetConfig
                0x00000000080042d8       0xe8 Drivers/STM32F4xx_HAL_Driver/Src/stm32f4xx_hal_tim.o
 .text.TIM_OC4_SetConfig
                0x00000000080043c0       0xac Drivers/STM32F4xx_HAL_Driver/Src/stm32f4xx_hal_tim.o
 .text.TIM_TI1_ConfigInputStage
                0x000000000800446c       0x5e Drivers/STM32F4xx_HAL_Driver/Src/stm32f4xx_hal_tim.o
 .text.TIM_TI2_ConfigInputStage
                0x00000000080044ca       0x60 Drivers/STM32F4xx_HAL_Driver/Src/stm32f4xx_hal_tim.o
 .text.TIM_ITRx_SetConfig
                0x000000000800452a       0x36 Drivers/STM32F4xx_HAL_Driver/Src/stm32f4xx_hal_tim.o
 .text.TIM_ETR_SetConfig
                0x0000000008004560       0x40 Drivers/STM32F4xx_HAL_Driver/Src/stm32f4xx_hal_tim.o
                0x0000000008004560                TIM_ETR_SetConfig
 .text.TIM_CCxChannelCmd
                0x00000000080045a0       0x4a Drivers/STM32F4xx_HAL_Driver/Src/stm32f4xx_hal_tim.o
                0x00000000080045a0                TIM_CCxChannelCmd
 *fill*         0x00000000080045ea        0x2 
 .text.HAL_TIMEx_MasterConfigSynchronization
                0x00000000080045ec       0xf8 Drivers/STM32F4xx_HAL_Driver/Src/stm32f4xx_hal_tim_ex.o
                0x00000000080045ec                HAL_TIMEx_MasterConfigSynchronization
 .text.USB_CoreInit
                0x00000000080046e4       0xc2 Drivers/STM32F4xx_HAL_Driver/Src/stm32f4xx_ll_usb.o
                0x00000000080046e4                USB_CoreInit
 *fill*         0x00000000080047a6        0x2 
 .text.USB_SetTurnaroundTime
                0x00000000080047a8      0x144 Drivers/STM32F4xx_HAL_Driver/Src/stm32f4xx_ll_usb.o
                0x00000000080047a8                USB_SetTurnaroundTime
 .text.USB_EnableGlobalInt
                0x00000000080048ec       0x22 Drivers/STM32F4xx_HAL_Driver/Src/stm32f4xx_ll_usb.o
                0x00000000080048ec                USB_EnableGlobalInt
 .text.USB_DisableGlobalInt
                0x000000000800490e       0x22 Drivers/STM32F4xx_HAL_Driver/Src/stm32f4xx_ll_usb.o
                0x000000000800490e                USB_DisableGlobalInt
 .text.USB_SetCurrentMode
                0x0000000008004930       0x54 Drivers/STM32F4xx_HAL_Driver/Src/stm32f4xx_ll_usb.o
                0x0000000008004930                USB_SetCurrentMode
 .text.USB_DevInit
                0x0000000008004984      0x2c8 Drivers/STM32F4xx_HAL_Driver/Src/stm32f4xx_ll_usb.o
                0x0000000008004984                USB_DevInit
 .text.USB_FlushTxFifo
                0x0000000008004c4c       0x4c Drivers/STM32F4xx_HAL_Driver/Src/stm32f4xx_ll_usb.o
                0x0000000008004c4c                USB_FlushTxFifo
 .text.USB_FlushRxFifo
                0x0000000008004c98       0x44 Drivers/STM32F4xx_HAL_Driver/Src/stm32f4xx_ll_usb.o
                0x0000000008004c98                USB_FlushRxFifo
 .text.USB_SetDevSpeed
                0x0000000008004cdc       0x32 Drivers/STM32F4xx_HAL_Driver/Src/stm32f4xx_ll_usb.o
                0x0000000008004cdc                USB_SetDevSpeed
 .text.USB_GetDevSpeed
                0x0000000008004d0e       0x4a Drivers/STM32F4xx_HAL_Driver/Src/stm32f4xx_ll_usb.o
                0x0000000008004d0e                USB_GetDevSpeed
 .text.USB_ActivateEndpoint
                0x0000000008004d58      0x10e Drivers/STM32F4xx_HAL_Driver/Src/stm32f4xx_ll_usb.o
                0x0000000008004d58                USB_ActivateEndpoint
 *fill*         0x0000000008004e66        0x2 
 .text.USB_DeactivateEndpoint
                0x0000000008004e68      0x1b8 Drivers/STM32F4xx_HAL_Driver/Src/stm32f4xx_ll_usb.o
                0x0000000008004e68                USB_DeactivateEndpoint
 .text.USB_EPStartXfer
                0x0000000008005020      0x488 Drivers/STM32F4xx_HAL_Driver/Src/stm32f4xx_ll_usb.o
                0x0000000008005020                USB_EPStartXfer
 .text.USB_EP0StartXfer
                0x00000000080054a8      0x2a6 Drivers/STM32F4xx_HAL_Driver/Src/stm32f4xx_ll_usb.o
                0x00000000080054a8                USB_EP0StartXfer
 .text.USB_WritePacket
                0x000000000800574e       0x6a Drivers/STM32F4xx_HAL_Driver/Src/stm32f4xx_ll_usb.o
                0x000000000800574e                USB_WritePacket
 .text.USB_ReadPacket
                0x00000000080057b8       0x52 Drivers/STM32F4xx_HAL_Driver/Src/stm32f4xx_ll_usb.o
                0x00000000080057b8                USB_ReadPacket
 .text.USB_EPSetStall
                0x000000000800580a       0xdc Drivers/STM32F4xx_HAL_Driver/Src/stm32f4xx_ll_usb.o
                0x000000000800580a                USB_EPSetStall
 .text.USB_EPClearStall
                0x00000000080058e6       0xcc Drivers/STM32F4xx_HAL_Driver/Src/stm32f4xx_ll_usb.o
                0x00000000080058e6                USB_EPClearStall
 .text.USB_SetDevAddress
                0x00000000080059b2       0x4c Drivers/STM32F4xx_HAL_Driver/Src/stm32f4xx_ll_usb.o
                0x00000000080059b2                USB_SetDevAddress
 .text.USB_DevConnect
                0x00000000080059fe       0x42 Drivers/STM32F4xx_HAL_Driver/Src/stm32f4xx_ll_usb.o
                0x00000000080059fe                USB_DevConnect
 .text.USB_DevDisconnect
                0x0000000008005a40       0x42 Drivers/STM32F4xx_HAL_Driver/Src/stm32f4xx_ll_usb.o
                0x0000000008005a40                USB_DevDisconnect
 .text.USB_ReadInterrupts
                0x0000000008005a82       0x26 Drivers/STM32F4xx_HAL_Driver/Src/stm32f4xx_ll_usb.o
                0x0000000008005a82                USB_ReadInterrupts
 .text.USB_ReadDevAllOutEpInterrupt
                0x0000000008005aa8       0x34 Drivers/STM32F4xx_HAL_Driver/Src/stm32f4xx_ll_usb.o
                0x0000000008005aa8                USB_ReadDevAllOutEpInterrupt
 .text.USB_ReadDevAllInEpInterrupt
                0x0000000008005adc       0x34 Drivers/STM32F4xx_HAL_Driver/Src/stm32f4xx_ll_usb.o
                0x0000000008005adc                USB_ReadDevAllInEpInterrupt
 .text.USB_ReadDevOutEPInterrupt
                0x0000000008005b10       0x3c Drivers/STM32F4xx_HAL_Driver/Src/stm32f4xx_ll_usb.o
                0x0000000008005b10                USB_ReadDevOutEPInterrupt
 .text.USB_ReadDevInEPInterrupt
                0x0000000008005b4c       0x5c Drivers/STM32F4xx_HAL_Driver/Src/stm32f4xx_ll_usb.o
                0x0000000008005b4c                USB_ReadDevInEPInterrupt
 .text.USB_GetMode
                0x0000000008005ba8       0x1c Drivers/STM32F4xx_HAL_Driver/Src/stm32f4xx_ll_usb.o
                0x0000000008005ba8                USB_GetMode
 .text.USB_ActivateSetup
                0x0000000008005bc4       0x46 Drivers/STM32F4xx_HAL_Driver/Src/stm32f4xx_ll_usb.o
                0x0000000008005bc4                USB_ActivateSetup
 *fill*         0x0000000008005c0a        0x2 
 .text.USB_EP0_OutStart
                0x0000000008005c0c       0xbc Drivers/STM32F4xx_HAL_Driver/Src/stm32f4xx_ll_usb.o
                0x0000000008005c0c                USB_EP0_OutStart
 .text.USB_CoreReset
                0x0000000008005cc8       0x68 Drivers/STM32F4xx_HAL_Driver/Src/stm32f4xx_ll_usb.o
 .text.USBD_CDC_Init
                0x0000000008005d30       0xfe Middlewares/ST/STM32_USB_Device_Library/Class/CDC/Src/usbd_cdc.o
 .text.USBD_CDC_DeInit
                0x0000000008005e2e       0x74 Middlewares/ST/STM32_USB_Device_Library/Class/CDC/Src/usbd_cdc.o
 *fill*         0x0000000008005ea2        0x2 
 .text.USBD_CDC_Setup
                0x0000000008005ea4      0x190 Middlewares/ST/STM32_USB_Device_Library/Class/CDC/Src/usbd_cdc.o
 .text.USBD_CDC_DataIn
                0x0000000008006034       0xca Middlewares/ST/STM32_USB_Device_Library/Class/CDC/Src/usbd_cdc.o
 .text.USBD_CDC_DataOut
                0x00000000080060fe       0x56 Middlewares/ST/STM32_USB_Device_Library/Class/CDC/Src/usbd_cdc.o
 .text.USBD_CDC_EP0_RxReady
                0x0000000008006154       0x5a Middlewares/ST/STM32_USB_Device_Library/Class/CDC/Src/usbd_cdc.o
 *fill*         0x00000000080061ae        0x2 
 .text.USBD_CDC_GetFSCfgDesc
                0x00000000080061b0       0x20 Middlewares/ST/STM32_USB_Device_Library/Class/CDC/Src/usbd_cdc.o
 .text.USBD_CDC_GetHSCfgDesc
                0x00000000080061d0       0x20 Middlewares/ST/STM32_USB_Device_Library/Class/CDC/Src/usbd_cdc.o
 .text.USBD_CDC_GetOtherSpeedCfgDesc
                0x00000000080061f0       0x20 Middlewares/ST/STM32_USB_Device_Library/Class/CDC/Src/usbd_cdc.o
 .text.USBD_CDC_GetDeviceQualifierDescriptor
                0x0000000008006210       0x20 Middlewares/ST/STM32_USB_Device_Library/Class/CDC/Src/usbd_cdc.o
                0x0000000008006210                USBD_CDC_GetDeviceQualifierDescriptor
 .text.USBD_CDC_RegisterInterface
                0x0000000008006230       0x2a Middlewares/ST/STM32_USB_Device_Library/Class/CDC/Src/usbd_cdc.o
                0x0000000008006230                USBD_CDC_RegisterInterface
 .text.USBD_CDC_SetTxBuffer
                0x000000000800625a       0x3c Middlewares/ST/STM32_USB_Device_Library/Class/CDC/Src/usbd_cdc.o
                0x000000000800625a                USBD_CDC_SetTxBuffer
 .text.USBD_CDC_SetRxBuffer
                0x0000000008006296       0x32 Middlewares/ST/STM32_USB_Device_Library/Class/CDC/Src/usbd_cdc.o
                0x0000000008006296                USBD_CDC_SetRxBuffer
 .text.USBD_CDC_ReceivePacket
                0x00000000080062c8       0x54 Middlewares/ST/STM32_USB_Device_Library/Class/CDC/Src/usbd_cdc.o
                0x00000000080062c8                USBD_CDC_ReceivePacket
 .text.USBD_Init
                0x000000000800631c       0x60 Middlewares/ST/STM32_USB_Device_Library/Core/Src/usbd_core.o
                0x000000000800631c                USBD_Init
 .text.USBD_RegisterClass
                0x000000000800637c       0x4e Middlewares/ST/STM32_USB_Device_Library/Core/Src/usbd_core.o
                0x000000000800637c                USBD_RegisterClass
 .text.USBD_Start
                0x00000000080063ca       0x18 Middlewares/ST/STM32_USB_Device_Library/Core/Src/usbd_core.o
                0x00000000080063ca                USBD_Start
 .text.USBD_RunTestMode
                0x00000000080063e2       0x16 Middlewares/ST/STM32_USB_Device_Library/Core/Src/usbd_core.o
                0x00000000080063e2                USBD_RunTestMode
 .text.USBD_SetClassConfig
                0x00000000080063f8       0x38 Middlewares/ST/STM32_USB_Device_Library/Core/Src/usbd_core.o
                0x00000000080063f8                USBD_SetClassConfig
 .text.USBD_ClrClassConfig
                0x0000000008006430       0x30 Middlewares/ST/STM32_USB_Device_Library/Core/Src/usbd_core.o
                0x0000000008006430                USBD_ClrClassConfig
 .text.USBD_LL_SetupStage
                0x0000000008006460       0xaa Middlewares/ST/STM32_USB_Device_Library/Core/Src/usbd_core.o
                0x0000000008006460                USBD_LL_SetupStage
 .text.USBD_LL_DataOutStage
                0x000000000800650a       0xc6 Middlewares/ST/STM32_USB_Device_Library/Core/Src/usbd_core.o
                0x000000000800650a                USBD_LL_DataOutStage
 .text.USBD_LL_DataInStage
                0x00000000080065d0      0x12c Middlewares/ST/STM32_USB_Device_Library/Core/Src/usbd_core.o
                0x00000000080065d0                USBD_LL_DataInStage
 .text.USBD_LL_Reset
                0x00000000080066fc       0x9c Middlewares/ST/STM32_USB_Device_Library/Core/Src/usbd_core.o
                0x00000000080066fc                USBD_LL_Reset
 .text.USBD_LL_SetSpeed
                0x0000000008006798       0x20 Middlewares/ST/STM32_USB_Device_Library/Core/Src/usbd_core.o
                0x0000000008006798                USBD_LL_SetSpeed
 .text.USBD_LL_Suspend
                0x00000000080067b8       0x2c Middlewares/ST/STM32_USB_Device_Library/Core/Src/usbd_core.o
                0x00000000080067b8                USBD_LL_Suspend
 .text.USBD_LL_Resume
                0x00000000080067e4       0x30 Middlewares/ST/STM32_USB_Device_Library/Core/Src/usbd_core.o
                0x00000000080067e4                USBD_LL_Resume
 .text.USBD_LL_SOF
                0x0000000008006814       0x44 Middlewares/ST/STM32_USB_Device_Library/Core/Src/usbd_core.o
                0x0000000008006814                USBD_LL_SOF
 .text.USBD_LL_IsoINIncomplete
                0x0000000008006858       0x4c Middlewares/ST/STM32_USB_Device_Library/Core/Src/usbd_core.o
                0x0000000008006858                USBD_LL_IsoINIncomplete
 .text.USBD_LL_IsoOUTIncomplete
                0x00000000080068a4       0x4c Middlewares/ST/STM32_USB_Device_Library/Core/Src/usbd_core.o
                0x00000000080068a4                USBD_LL_IsoOUTIncomplete
 .text.USBD_LL_DevConnected
                0x00000000080068f0       0x16 Middlewares/ST/STM32_USB_Device_Library/Core/Src/usbd_core.o
                0x00000000080068f0                USBD_LL_DevConnected
 .text.USBD_LL_DevDisconnected
                0x0000000008006906       0x38 Middlewares/ST/STM32_USB_Device_Library/Core/Src/usbd_core.o
                0x0000000008006906                USBD_LL_DevDisconnected
 .text.SWAPBYTE
                0x000000000800693e       0x3c Middlewares/ST/STM32_USB_Device_Library/Core/Src/usbd_ctlreq.o
 *fill*         0x000000000800697a        0x2 
 .text.USBD_StdDevReq
                0x000000000800697c       0xdc Middlewares/ST/STM32_USB_Device_Library/Core/Src/usbd_ctlreq.o
                0x000000000800697c                USBD_StdDevReq
 .text.USBD_StdItfReq
                0x0000000008006a58       0x92 Middlewares/ST/STM32_USB_Device_Library/Core/Src/usbd_ctlreq.o
                0x0000000008006a58                USBD_StdItfReq
 .text.USBD_StdEPReq
                0x0000000008006aea      0x2c4 Middlewares/ST/STM32_USB_Device_Library/Core/Src/usbd_ctlreq.o
                0x0000000008006aea                USBD_StdEPReq
 *fill*         0x0000000008006dae        0x2 
 .text.USBD_GetDescriptor
                0x0000000008006db0      0x2d4 Middlewares/ST/STM32_USB_Device_Library/Core/Src/usbd_ctlreq.o
 .text.USBD_SetAddress
                0x0000000008007084       0x88 Middlewares/ST/STM32_USB_Device_Library/Core/Src/usbd_ctlreq.o
 .text.USBD_SetConfig
                0x000000000800710c      0x14c Middlewares/ST/STM32_USB_Device_Library/Core/Src/usbd_ctlreq.o
 .text.USBD_GetConfig
                0x0000000008007258       0x6c Middlewares/ST/STM32_USB_Device_Library/Core/Src/usbd_ctlreq.o
 .text.USBD_GetStatus
                0x00000000080072c4       0x68 Middlewares/ST/STM32_USB_Device_Library/Core/Src/usbd_ctlreq.o
 .text.USBD_SetFeature
                0x000000000800732c       0x28 Middlewares/ST/STM32_USB_Device_Library/Core/Src/usbd_ctlreq.o
 .text.USBD_ClrFeature
                0x0000000008007354       0x44 Middlewares/ST/STM32_USB_Device_Library/Core/Src/usbd_ctlreq.o
 .text.USBD_ParseSetupRequest
                0x0000000008007398       0x74 Middlewares/ST/STM32_USB_Device_Library/Core/Src/usbd_ctlreq.o
                0x0000000008007398                USBD_ParseSetupRequest
 .text.USBD_CtlError
                0x000000000800740c       0x22 Middlewares/ST/STM32_USB_Device_Library/Core/Src/usbd_ctlreq.o
                0x000000000800740c                USBD_CtlError
 .text.USBD_GetString
                0x000000000800742e       0x8c Middlewares/ST/STM32_USB_Device_Library/Core/Src/usbd_ctlreq.o
                0x000000000800742e                USBD_GetString
 .text.USBD_GetLen
                0x00000000080074ba       0x34 Middlewares/ST/STM32_USB_Device_Library/Core/Src/usbd_ctlreq.o
 .text.USBD_CtlSendData
                0x00000000080074ee       0x36 Middlewares/ST/STM32_USB_Device_Library/Core/Src/usbd_ioreq.o
                0x00000000080074ee                USBD_CtlSendData
 .text.USBD_CtlContinueSendData
                0x0000000008007524       0x22 Middlewares/ST/STM32_USB_Device_Library/Core/Src/usbd_ioreq.o
                0x0000000008007524                USBD_CtlContinueSendData
 .text.USBD_CtlPrepareRx
                0x0000000008007546       0x3a Middlewares/ST/STM32_USB_Device_Library/Core/Src/usbd_ioreq.o
                0x0000000008007546                USBD_CtlPrepareRx
 .text.USBD_CtlContinueRx
                0x0000000008007580       0x22 Middlewares/ST/STM32_USB_Device_Library/Core/Src/usbd_ioreq.o
                0x0000000008007580                USBD_CtlContinueRx
 .text.USBD_CtlSendStatus
                0x00000000080075a2       0x26 Middlewares/ST/STM32_USB_Device_Library/Core/Src/usbd_ioreq.o
                0x00000000080075a2                USBD_CtlSendStatus
 .text.USBD_CtlReceiveStatus
                0x00000000080075c8       0x26 Middlewares/ST/STM32_USB_Device_Library/Core/Src/usbd_ioreq.o
                0x00000000080075c8                USBD_CtlReceiveStatus
 *fill*         0x00000000080075ee        0x2 
 .text.MX_USB_DEVICE_Init
                0x00000000080075f0       0x60 USB_DEVICE/App/usb_device.o
                0x00000000080075f0                MX_USB_DEVICE_Init
 .text.CDC_Init_FS
                0x0000000008007650       0x28 USB_DEVICE/App/usbd_cdc_if.o
 .text.CDC_DeInit_FS
                0x0000000008007678       0x10 USB_DEVICE/App/usbd_cdc_if.o
 .text.CDC_Control_FS
                0x0000000008007688       0xbc USB_DEVICE/App/usbd_cdc_if.o
 .text.CDC_Receive_FS
                0x0000000008007744       0x28 USB_DEVICE/App/usbd_cdc_if.o
 .text.CDC_TransmitCplt_FS
                0x000000000800776c       0x22 USB_DEVICE/App/usbd_cdc_if.o
 *fill*         0x000000000800778e        0x2 
 .text.USBD_FS_DeviceDescriptor
                0x0000000008007790       0x24 USB_DEVICE/App/usbd_desc.o
                0x0000000008007790                USBD_FS_DeviceDescriptor
 .text.USBD_FS_LangIDStrDescriptor
                0x00000000080077b4       0x24 USB_DEVICE/App/usbd_desc.o
                0x00000000080077b4                USBD_FS_LangIDStrDescriptor
 .text.USBD_FS_ProductStrDescriptor
                0x00000000080077d8       0x3c USB_DEVICE/App/usbd_desc.o
                0x00000000080077d8                USBD_FS_ProductStrDescriptor
 .text.USBD_FS_ManufacturerStrDescriptor
                0x0000000008007814       0x28 USB_DEVICE/App/usbd_desc.o
                0x0000000008007814                USBD_FS_ManufacturerStrDescriptor
 .text.USBD_FS_SerialStrDescriptor
                0x000000000800783c       0x24 USB_DEVICE/App/usbd_desc.o
                0x000000000800783c                USBD_FS_SerialStrDescriptor
 .text.USBD_FS_ConfigStrDescriptor
                0x0000000008007860       0x3c USB_DEVICE/App/usbd_desc.o
                0x0000000008007860                USBD_FS_ConfigStrDescriptor
 .text.USBD_FS_InterfaceStrDescriptor
                0x000000000800789c       0x3c USB_DEVICE/App/usbd_desc.o
                0x000000000800789c                USBD_FS_InterfaceStrDescriptor
 .text.Get_SerialNum
                0x00000000080078d8       0x58 USB_DEVICE/App/usbd_desc.o
 .text.IntToUnicode
                0x0000000008007930       0x7e USB_DEVICE/App/usbd_desc.o
 *fill*         0x00000000080079ae        0x2 
 .text.HAL_PCD_MspInit
                0x00000000080079b0       0xa8 USB_DEVICE/Target/usbd_conf.o
                0x00000000080079b0                HAL_PCD_MspInit
 .text.HAL_PCD_SetupStageCallback
                0x0000000008007a58       0x24 USB_DEVICE/Target/usbd_conf.o
                0x0000000008007a58                HAL_PCD_SetupStageCallback
 .text.HAL_PCD_DataOutStageCallback
                0x0000000008007a7c       0x36 USB_DEVICE/Target/usbd_conf.o
                0x0000000008007a7c                HAL_PCD_DataOutStageCallback
 .text.HAL_PCD_DataInStageCallback
                0x0000000008007ab2       0x34 USB_DEVICE/Target/usbd_conf.o
                0x0000000008007ab2                HAL_PCD_DataInStageCallback
 .text.HAL_PCD_SOFCallback
                0x0000000008007ae6       0x1c USB_DEVICE/Target/usbd_conf.o
                0x0000000008007ae6                HAL_PCD_SOFCallback
 .text.HAL_PCD_ResetCallback
                0x0000000008007b02       0x50 USB_DEVICE/Target/usbd_conf.o
                0x0000000008007b02                HAL_PCD_ResetCallback
 *fill*         0x0000000008007b52        0x2 
 .text.HAL_PCD_SuspendCallback
                0x0000000008007b54       0x4c USB_DEVICE/Target/usbd_conf.o
                0x0000000008007b54                HAL_PCD_SuspendCallback
 .text.HAL_PCD_ResumeCallback
                0x0000000008007ba0       0x1c USB_DEVICE/Target/usbd_conf.o
                0x0000000008007ba0                HAL_PCD_ResumeCallback
 .text.HAL_PCD_ISOOUTIncompleteCallback
                0x0000000008007bbc       0x24 USB_DEVICE/Target/usbd_conf.o
                0x0000000008007bbc                HAL_PCD_ISOOUTIncompleteCallback
 .text.HAL_PCD_ISOINIncompleteCallback
                0x0000000008007be0       0x24 USB_DEVICE/Target/usbd_conf.o
                0x0000000008007be0                HAL_PCD_ISOINIncompleteCallback
 .text.HAL_PCD_ConnectCallback
                0x0000000008007c04       0x1c USB_DEVICE/Target/usbd_conf.o
                0x0000000008007c04                HAL_PCD_ConnectCallback
 .text.HAL_PCD_DisconnectCallback
                0x0000000008007c20       0x1c USB_DEVICE/Target/usbd_conf.o
                0x0000000008007c20                HAL_PCD_DisconnectCallback
 .text.USBD_LL_Init
                0x0000000008007c3c       0x98 USB_DEVICE/Target/usbd_conf.o
                0x0000000008007c3c                USBD_LL_Init
 .text.USBD_LL_Start
                0x0000000008007cd4       0x36 USB_DEVICE/Target/usbd_conf.o
                0x0000000008007cd4                USBD_LL_Start
 .text.USBD_LL_OpenEP
                0x0000000008007d0a       0x4c USB_DEVICE/Target/usbd_conf.o
                0x0000000008007d0a                USBD_LL_OpenEP
 .text.USBD_LL_CloseEP
                0x0000000008007d56       0x3e USB_DEVICE/Target/usbd_conf.o
                0x0000000008007d56                USBD_LL_CloseEP
 .text.USBD_LL_StallEP
                0x0000000008007d94       0x3e USB_DEVICE/Target/usbd_conf.o
                0x0000000008007d94                USBD_LL_StallEP
 .text.USBD_LL_ClearStallEP
                0x0000000008007dd2       0x3e USB_DEVICE/Target/usbd_conf.o
                0x0000000008007dd2                USBD_LL_ClearStallEP
 .text.USBD_LL_IsStallEP
                0x0000000008007e10       0x58 USB_DEVICE/Target/usbd_conf.o
                0x0000000008007e10                USBD_LL_IsStallEP
 .text.USBD_LL_SetUSBAddress
                0x0000000008007e68       0x3e USB_DEVICE/Target/usbd_conf.o
                0x0000000008007e68                USBD_LL_SetUSBAddress
 .text.USBD_LL_Transmit
                0x0000000008007ea6       0x42 USB_DEVICE/Target/usbd_conf.o
                0x0000000008007ea6                USBD_LL_Transmit
 .text.USBD_LL_PrepareReceive
                0x0000000008007ee8       0x42 USB_DEVICE/Target/usbd_conf.o
                0x0000000008007ee8                USBD_LL_PrepareReceive
 .text.USBD_LL_GetRxDataSize
                0x0000000008007f2a       0x26 USB_DEVICE/Target/usbd_conf.o
                0x0000000008007f2a                USBD_LL_GetRxDataSize
 .text.USBD_static_malloc
                0x0000000008007f50       0x1c USB_DEVICE/Target/usbd_conf.o
                0x0000000008007f50                USBD_static_malloc
 .text.USBD_static_free
                0x0000000008007f6c       0x14 USB_DEVICE/Target/usbd_conf.o
                0x0000000008007f6c                USBD_static_free
 .text.USBD_Get_USB_Status
                0x0000000008007f80       0x58 USB_DEVICE/Target/usbd_conf.o
                0x0000000008007f80                USBD_Get_USB_Status
 .text.__libc_init_array
                0x0000000008007fd8       0x48 c:/st/stm32cubeide_1.6.1/stm32cubeide/plugins/com.st.stm32cube.ide.mcu.externaltools.gnu-tools-for-stm32.9-2020-q2-update.win32_1.5.0.202011040924/tools/bin/../lib/gcc/arm-none-eabi/9.3.1/../../../../arm-none-eabi/lib/thumb/v7e-m+fp/hard\libc_nano.a(lib_a-init.o)
                0x0000000008007fd8                __libc_init_array
 .text.memcpy   0x0000000008008020       0x1c c:/st/stm32cubeide_1.6.1/stm32cubeide/plugins/com.st.stm32cube.ide.mcu.externaltools.gnu-tools-for-stm32.9-2020-q2-update.win32_1.5.0.202011040924/tools/bin/../lib/gcc/arm-none-eabi/9.3.1/../../../../arm-none-eabi/lib/thumb/v7e-m+fp/hard\libc_nano.a(lib_a-memcpy-stub.o)
                0x0000000008008020                memcpy
 .text.memset   0x000000000800803c       0x10 c:/st/stm32cubeide_1.6.1/stm32cubeide/plugins/com.st.stm32cube.ide.mcu.externaltools.gnu-tools-for-stm32.9-2020-q2-update.win32_1.5.0.202011040924/tools/bin/../lib/gcc/arm-none-eabi/9.3.1/../../../../arm-none-eabi/lib/thumb/v7e-m+fp/hard\libc_nano.a(lib_a-memset.o)
                0x000000000800803c                memset
 *(.glue_7)
 .glue_7        0x000000000800804c        0x0 linker stubs
 *(.glue_7t)
 .glue_7t       0x000000000800804c        0x0 linker stubs
 *(.eh_frame)
 .eh_frame      0x000000000800804c        0x0 c:/st/stm32cubeide_1.6.1/stm32cubeide/plugins/com.st.stm32cube.ide.mcu.externaltools.gnu-tools-for-stm32.9-2020-q2-update.win32_1.5.0.202011040924/tools/bin/../lib/gcc/arm-none-eabi/9.3.1/thumb/v7e-m+fp/hard/crtbegin.o
 *(.init)
 .init          0x000000000800804c        0x4 c:/st/stm32cubeide_1.6.1/stm32cubeide/plugins/com.st.stm32cube.ide.mcu.externaltools.gnu-tools-for-stm32.9-2020-q2-update.win32_1.5.0.202011040924/tools/bin/../lib/gcc/arm-none-eabi/9.3.1/thumb/v7e-m+fp/hard/crti.o
                0x000000000800804c                _init
 .init          0x0000000008008050        0x8 c:/st/stm32cubeide_1.6.1/stm32cubeide/plugins/com.st.stm32cube.ide.mcu.externaltools.gnu-tools-for-stm32.9-2020-q2-update.win32_1.5.0.202011040924/tools/bin/../lib/gcc/arm-none-eabi/9.3.1/thumb/v7e-m+fp/hard/crtn.o
 *(.fini)
 .fini          0x0000000008008058        0x4 c:/st/stm32cubeide_1.6.1/stm32cubeide/plugins/com.st.stm32cube.ide.mcu.externaltools.gnu-tools-for-stm32.9-2020-q2-update.win32_1.5.0.202011040924/tools/bin/../lib/gcc/arm-none-eabi/9.3.1/thumb/v7e-m+fp/hard/crti.o
                0x0000000008008058                _fini
 .fini          0x000000000800805c        0x8 c:/st/stm32cubeide_1.6.1/stm32cubeide/plugins/com.st.stm32cube.ide.mcu.externaltools.gnu-tools-for-stm32.9-2020-q2-update.win32_1.5.0.202011040924/tools/bin/../lib/gcc/arm-none-eabi/9.3.1/thumb/v7e-m+fp/hard/crtn.o
                0x0000000008008064                . = ALIGN (0x4)
                0x0000000008008064                _etext = .

.vfp11_veneer   0x0000000008008064        0x0
 .vfp11_veneer  0x0000000008008064        0x0 linker stubs

.v4_bx          0x0000000008008064        0x0
 .v4_bx         0x0000000008008064        0x0 linker stubs

.iplt           0x0000000008008064        0x0
 .iplt          0x0000000008008064        0x0 c:/st/stm32cubeide_1.6.1/stm32cubeide/plugins/com.st.stm32cube.ide.mcu.externaltools.gnu-tools-for-stm32.9-2020-q2-update.win32_1.5.0.202011040924/tools/bin/../lib/gcc/arm-none-eabi/9.3.1/thumb/v7e-m+fp/hard/crtbegin.o

.rodata         0x0000000008008064      0x564
                0x0000000008008064                . = ALIGN (0x4)
 *(.rodata)
 .rodata        0x0000000008008064        0xc Core/Src/main.o
 .rodata        0x0000000008008070       0x46 USB_DEVICE/App/usbd_desc.o
 *(.rodata*)
 *fill*         0x00000000080080b6        0x2 
 .rodata.font1  0x00000000080080b8      0x500 Core/Src/MY_ILI9341.o
 .rodata.AHBPrescTable
                0x00000000080085b8       0x10 Core/Src/system_stm32f4xx.o
                0x00000000080085b8                AHBPrescTable
                0x00000000080085c8                . = ALIGN (0x4)

.ARM.extab      0x00000000080085c8        0x0
                0x00000000080085c8                . = ALIGN (0x4)
 *(.ARM.extab* .gnu.linkonce.armextab.*)
                0x00000000080085c8                . = ALIGN (0x4)

.ARM            0x00000000080085c8        0x8
                0x00000000080085c8                . = ALIGN (0x4)
                0x00000000080085c8                __exidx_start = .
 *(.ARM.exidx*)
 .ARM.exidx     0x00000000080085c8        0x8 c:/st/stm32cubeide_1.6.1/stm32cubeide/plugins/com.st.stm32cube.ide.mcu.externaltools.gnu-tools-for-stm32.9-2020-q2-update.win32_1.5.0.202011040924/tools/bin/../lib/gcc/arm-none-eabi/9.3.1/thumb/v7e-m+fp/hard\libgcc.a(_udivmoddi4.o)
                0x00000000080085d0                __exidx_end = .
                0x00000000080085d0                . = ALIGN (0x4)

.rel.dyn        0x00000000080085d0        0x0
 .rel.iplt      0x00000000080085d0        0x0 c:/st/stm32cubeide_1.6.1/stm32cubeide/plugins/com.st.stm32cube.ide.mcu.externaltools.gnu-tools-for-stm32.9-2020-q2-update.win32_1.5.0.202011040924/tools/bin/../lib/gcc/arm-none-eabi/9.3.1/thumb/v7e-m+fp/hard/crtbegin.o

.preinit_array  0x00000000080085d0        0x0
                0x00000000080085d0                . = ALIGN (0x4)
                0x00000000080085d0                PROVIDE (__preinit_array_start = .)
 *(.preinit_array*)
                0x00000000080085d0                PROVIDE (__preinit_array_end = .)
                0x00000000080085d0                . = ALIGN (0x4)

.init_array     0x00000000080085d0        0x4
                0x00000000080085d0                . = ALIGN (0x4)
                0x00000000080085d0                PROVIDE (__init_array_start = .)
 *(SORT_BY_NAME(.init_array.*))
 *(.init_array*)
 .init_array    0x00000000080085d0        0x4 c:/st/stm32cubeide_1.6.1/stm32cubeide/plugins/com.st.stm32cube.ide.mcu.externaltools.gnu-tools-for-stm32.9-2020-q2-update.win32_1.5.0.202011040924/tools/bin/../lib/gcc/arm-none-eabi/9.3.1/thumb/v7e-m+fp/hard/crtbegin.o
                0x00000000080085d4                PROVIDE (__init_array_end = .)
                0x00000000080085d4                . = ALIGN (0x4)

.fini_array     0x00000000080085d4        0x4
                0x00000000080085d4                . = ALIGN (0x4)
                [!provide]                        PROVIDE (__fini_array_start = .)
 *(SORT_BY_NAME(.fini_array.*))
 *(.fini_array*)
 .fini_array    0x00000000080085d4        0x4 c:/st/stm32cubeide_1.6.1/stm32cubeide/plugins/com.st.stm32cube.ide.mcu.externaltools.gnu-tools-for-stm32.9-2020-q2-update.win32_1.5.0.202011040924/tools/bin/../lib/gcc/arm-none-eabi/9.3.1/thumb/v7e-m+fp/hard/crtbegin.o
                [!provide]                        PROVIDE (__fini_array_end = .)
                0x00000000080085d8                . = ALIGN (0x4)
                0x00000000080085d8                _sidata = LOADADDR (.data)

.data           0x0000000020000000      0x184 load address 0x00000000080085d8
                0x0000000020000000                . = ALIGN (0x4)
                0x0000000020000000                _sdata = .
 *(.data)
 *(.data*)
 .data.rotationNum
                0x0000000020000000        0x1 Core/Src/MY_ILI9341.o
 *fill*         0x0000000020000001        0x3 
 .data.SystemCoreClock
                0x0000000020000004        0x4 Core/Src/system_stm32f4xx.o
                0x0000000020000004                SystemCoreClock
 .data.uwTickPrio
                0x0000000020000008        0x4 Drivers/STM32F4xx_HAL_Driver/Src/stm32f4xx_hal.o
                0x0000000020000008                uwTickPrio
 .data.uwTickFreq
                0x000000002000000c        0x1 Drivers/STM32F4xx_HAL_Driver/Src/stm32f4xx_hal.o
                0x000000002000000c                uwTickFreq
 *fill*         0x000000002000000d        0x3 
 .data.USBD_CDC_DeviceQualifierDesc
                0x0000000020000010        0xa Middlewares/ST/STM32_USB_Device_Library/Class/CDC/Src/usbd_cdc.o
 *fill*         0x000000002000001a        0x2 
 .data.USBD_CDC
                0x000000002000001c       0x38 Middlewares/ST/STM32_USB_Device_Library/Class/CDC/Src/usbd_cdc.o
                0x000000002000001c                USBD_CDC
 .data.USBD_CDC_CfgHSDesc
                0x0000000020000054       0x43 Middlewares/ST/STM32_USB_Device_Library/Class/CDC/Src/usbd_cdc.o
 *fill*         0x0000000020000097        0x1 
 .data.USBD_CDC_CfgFSDesc
                0x0000000020000098       0x43 Middlewares/ST/STM32_USB_Device_Library/Class/CDC/Src/usbd_cdc.o
 *fill*         0x00000000200000db        0x1 
 .data.USBD_CDC_OtherSpeedCfgDesc
                0x00000000200000dc       0x43 Middlewares/ST/STM32_USB_Device_Library/Class/CDC/Src/usbd_cdc.o
 *fill*         0x000000002000011f        0x1 
 .data.USBD_Interface_fops_FS
                0x0000000020000120       0x14 USB_DEVICE/App/usbd_cdc_if.o
                0x0000000020000120                USBD_Interface_fops_FS
 .data.FS_Desc  0x0000000020000134       0x1c USB_DEVICE/App/usbd_desc.o
                0x0000000020000134                FS_Desc
 .data.USBD_FS_DeviceDesc
                0x0000000020000150       0x12 USB_DEVICE/App/usbd_desc.o
                0x0000000020000150                USBD_FS_DeviceDesc
 *fill*         0x0000000020000162        0x2 
 .data.USBD_LangIDDesc
                0x0000000020000164        0x4 USB_DEVICE/App/usbd_desc.o
                0x0000000020000164                USBD_LangIDDesc
 .data.USBD_StringSerial
                0x0000000020000168       0x1a USB_DEVICE/App/usbd_desc.o
                0x0000000020000168                USBD_StringSerial
 *(.RamFunc)
 *(.RamFunc*)
                0x0000000020000184                . = ALIGN (0x4)
 *fill*         0x0000000020000182        0x2 
                0x0000000020000184                _edata = .

.igot.plt       0x0000000020000184        0x0 load address 0x000000000800875c
 .igot.plt      0x0000000020000184        0x0 c:/st/stm32cubeide_1.6.1/stm32cubeide/plugins/com.st.stm32cube.ide.mcu.externaltools.gnu-tools-for-stm32.9-2020-q2-update.win32_1.5.0.202011040924/tools/bin/../lib/gcc/arm-none-eabi/9.3.1/thumb/v7e-m+fp/hard/crtbegin.o
                0x0000000020000184                . = ALIGN (0x4)

.bss            0x0000000020000184     0x1c2c load address 0x000000000800875c
                0x0000000020000184                _sbss = .
                0x0000000020000184                __bss_start__ = _sbss
 *(.bss)
 .bss           0x0000000020000184       0x1c c:/st/stm32cubeide_1.6.1/stm32cubeide/plugins/com.st.stm32cube.ide.mcu.externaltools.gnu-tools-for-stm32.9-2020-q2-update.win32_1.5.0.202011040924/tools/bin/../lib/gcc/arm-none-eabi/9.3.1/thumb/v7e-m+fp/hard/crtbegin.o
 *(.bss*)
 .bss._cp437    0x00000000200001a0        0x1 Core/Src/MY_ILI9341.o
 *fill*         0x00000000200001a1        0x3 
 .bss.lcdSPIhandle
                0x00000000200001a4       0x58 Core/Src/MY_ILI9341.o
 .bss.tftCS_GPIO
                0x00000000200001fc        0x4 Core/Src/MY_ILI9341.o
 .bss.tftCS_PIN
                0x0000000020000200        0x2 Core/Src/MY_ILI9341.o
 *fill*         0x0000000020000202        0x2 
 .bss.tftDC_GPIO
                0x0000000020000204        0x4 Core/Src/MY_ILI9341.o
 .bss.tftDC_PIN
                0x0000000020000208        0x2 Core/Src/MY_ILI9341.o
 *fill*         0x000000002000020a        0x2 
 .bss.tftRESET_GPIO
                0x000000002000020c        0x4 Core/Src/MY_ILI9341.o
 .bss.tftRESET_PIN
                0x0000000020000210        0x2 Core/Src/MY_ILI9341.o
 .bss.cfgidx.10487
                0x0000000020000212        0x1 Middlewares/ST/STM32_USB_Device_Library/Core/Src/usbd_ctlreq.o
 *fill*         0x0000000020000213        0x1 
 .bss.mem.10556
                0x0000000020000214      0x220 USB_DEVICE/Target/usbd_conf.o
 *(COMMON)
 COMMON         0x0000000020000434       0xa0 Core/Src/main.o
                0x0000000020000434                htim4
                0x000000002000047c                hspi1
 COMMON         0x00000000200004d4        0x4 Drivers/STM32F4xx_HAL_Driver/Src/stm32f4xx_hal.o
                0x00000000200004d4                uwTick
 COMMON         0x00000000200004d8      0x2d0 USB_DEVICE/App/usb_device.o
                0x00000000200004d8                hUsbDeviceFS
 COMMON         0x00000000200007a8     0x1000 USB_DEVICE/App/usbd_cdc_if.o
                0x00000000200007a8                UserRxBufferFS
                0x0000000020000fa8                UserTxBufferFS
 COMMON         0x00000000200017a8      0x200 USB_DEVICE/App/usbd_desc.o
                0x00000000200017a8                USBD_StrDesc
 COMMON         0x00000000200019a8      0x408 USB_DEVICE/Target/usbd_conf.o
                0x00000000200019a8                hpcd_USB_OTG_FS
                0x0000000020001db0                . = ALIGN (0x4)
                0x0000000020001db0                _ebss = .
                0x0000000020001db0                __bss_end__ = _ebss

._user_heap_stack
                0x0000000020001db0      0x600 load address 0x000000000800875c
                0x0000000020001db0                . = ALIGN (0x8)
                [!provide]                        PROVIDE (end = .)
                0x0000000020001db0                PROVIDE (_end = .)
                0x0000000020001fb0                . = (. + _Min_Heap_Size)
 *fill*         0x0000000020001db0      0x200 
                0x00000000200023b0                . = (. + _Min_Stack_Size)
 *fill*         0x0000000020001fb0      0x400 
                0x00000000200023b0                . = ALIGN (0x8)

/DISCARD/
 libc.a(*)
 libm.a(*)
 libgcc.a(*)

.ARM.attributes
                0x0000000000000000       0x30
 *(.ARM.attributes)
 .ARM.attributes
                0x0000000000000000       0x1e c:/st/stm32cubeide_1.6.1/stm32cubeide/plugins/com.st.stm32cube.ide.mcu.externaltools.gnu-tools-for-stm32.9-2020-q2-update.win32_1.5.0.202011040924/tools/bin/../lib/gcc/arm-none-eabi/9.3.1/thumb/v7e-m+fp/hard/crti.o
 .ARM.attributes
                0x000000000000001e       0x34 c:/st/stm32cubeide_1.6.1/stm32cubeide/plugins/com.st.stm32cube.ide.mcu.externaltools.gnu-tools-for-stm32.9-2020-q2-update.win32_1.5.0.202011040924/tools/bin/../lib/gcc/arm-none-eabi/9.3.1/thumb/v7e-m+fp/hard/crtbegin.o
 .ARM.attributes
                0x0000000000000052       0x34 Core/Src/MY_ILI9341.o
 .ARM.attributes
                0x0000000000000086       0x34 Core/Src/main.o
 .ARM.attributes
                0x00000000000000ba       0x34 Core/Src/stm32f4xx_hal_msp.o
 .ARM.attributes
                0x00000000000000ee       0x34 Core/Src/stm32f4xx_it.o
 .ARM.attributes
                0x0000000000000122       0x34 Core/Src/system_stm32f4xx.o
 .ARM.attributes
                0x0000000000000156       0x21 Core/Startup/startup_stm32f405rgtx.o
 .ARM.attributes
                0x0000000000000177       0x34 Drivers/STM32F4xx_HAL_Driver/Src/stm32f4xx_hal.o
 .ARM.attributes
                0x00000000000001ab       0x34 Drivers/STM32F4xx_HAL_Driver/Src/stm32f4xx_hal_cortex.o
 .ARM.attributes
                0x00000000000001df       0x34 Drivers/STM32F4xx_HAL_Driver/Src/stm32f4xx_hal_gpio.o
 .ARM.attributes
                0x0000000000000213       0x34 Drivers/STM32F4xx_HAL_Driver/Src/stm32f4xx_hal_pcd.o
 .ARM.attributes
                0x0000000000000247       0x34 Drivers/STM32F4xx_HAL_Driver/Src/stm32f4xx_hal_pcd_ex.o
 .ARM.attributes
                0x000000000000027b       0x34 Drivers/STM32F4xx_HAL_Driver/Src/stm32f4xx_hal_rcc.o
 .ARM.attributes
                0x00000000000002af       0x34 Drivers/STM32F4xx_HAL_Driver/Src/stm32f4xx_hal_spi.o
 .ARM.attributes
                0x00000000000002e3       0x34 Drivers/STM32F4xx_HAL_Driver/Src/stm32f4xx_hal_tim.o
 .ARM.attributes
                0x0000000000000317       0x34 Drivers/STM32F4xx_HAL_Driver/Src/stm32f4xx_hal_tim_ex.o
 .ARM.attributes
                0x000000000000034b       0x34 Drivers/STM32F4xx_HAL_Driver/Src/stm32f4xx_ll_usb.o
 .ARM.attributes
                0x000000000000037f       0x34 Middlewares/ST/STM32_USB_Device_Library/Class/CDC/Src/usbd_cdc.o
 .ARM.attributes
                0x00000000000003b3       0x34 Middlewares/ST/STM32_USB_Device_Library/Core/Src/usbd_core.o
 .ARM.attributes
                0x00000000000003e7       0x34 Middlewares/ST/STM32_USB_Device_Library/Core/Src/usbd_ctlreq.o
 .ARM.attributes
                0x000000000000041b       0x34 Middlewares/ST/STM32_USB_Device_Library/Core/Src/usbd_ioreq.o
 .ARM.attributes
                0x000000000000044f       0x34 USB_DEVICE/App/usb_device.o
 .ARM.attributes
                0x0000000000000483       0x34 USB_DEVICE/App/usbd_cdc_if.o
 .ARM.attributes
                0x00000000000004b7       0x34 USB_DEVICE/App/usbd_desc.o
 .ARM.attributes
                0x00000000000004eb       0x34 USB_DEVICE/Target/usbd_conf.o
 .ARM.attributes
                0x000000000000051f       0x34 c:/st/stm32cubeide_1.6.1/stm32cubeide/plugins/com.st.stm32cube.ide.mcu.externaltools.gnu-tools-for-stm32.9-2020-q2-update.win32_1.5.0.202011040924/tools/bin/../lib/gcc/arm-none-eabi/9.3.1/../../../../arm-none-eabi/lib/thumb/v7e-m+fp/hard\libc_nano.a(lib_a-init.o)
 .ARM.attributes
                0x0000000000000553       0x34 c:/st/stm32cubeide_1.6.1/stm32cubeide/plugins/com.st.stm32cube.ide.mcu.externaltools.gnu-tools-for-stm32.9-2020-q2-update.win32_1.5.0.202011040924/tools/bin/../lib/gcc/arm-none-eabi/9.3.1/../../../../arm-none-eabi/lib/thumb/v7e-m+fp/hard\libc_nano.a(lib_a-memcpy-stub.o)
 .ARM.attributes
                0x0000000000000587       0x34 c:/st/stm32cubeide_1.6.1/stm32cubeide/plugins/com.st.stm32cube.ide.mcu.externaltools.gnu-tools-for-stm32.9-2020-q2-update.win32_1.5.0.202011040924/tools/bin/../lib/gcc/arm-none-eabi/9.3.1/../../../../arm-none-eabi/lib/thumb/v7e-m+fp/hard\libc_nano.a(lib_a-memset.o)
 .ARM.attributes
                0x00000000000005bb       0x1e c:/st/stm32cubeide_1.6.1/stm32cubeide/plugins/com.st.stm32cube.ide.mcu.externaltools.gnu-tools-for-stm32.9-2020-q2-update.win32_1.5.0.202011040924/tools/bin/../lib/gcc/arm-none-eabi/9.3.1/thumb/v7e-m+fp/hard\libgcc.a(_aeabi_uldivmod.o)
 .ARM.attributes
                0x00000000000005d9       0x34 c:/st/stm32cubeide_1.6.1/stm32cubeide/plugins/com.st.stm32cube.ide.mcu.externaltools.gnu-tools-for-stm32.9-2020-q2-update.win32_1.5.0.202011040924/tools/bin/../lib/gcc/arm-none-eabi/9.3.1/thumb/v7e-m+fp/hard\libgcc.a(_udivmoddi4.o)
 .ARM.attributes
                0x000000000000060d       0x1e c:/st/stm32cubeide_1.6.1/stm32cubeide/plugins/com.st.stm32cube.ide.mcu.externaltools.gnu-tools-for-stm32.9-2020-q2-update.win32_1.5.0.202011040924/tools/bin/../lib/gcc/arm-none-eabi/9.3.1/thumb/v7e-m+fp/hard\libgcc.a(_dvmd_tls.o)
 .ARM.attributes
                0x000000000000062b       0x1e c:/st/stm32cubeide_1.6.1/stm32cubeide/plugins/com.st.stm32cube.ide.mcu.externaltools.gnu-tools-for-stm32.9-2020-q2-update.win32_1.5.0.202011040924/tools/bin/../lib/gcc/arm-none-eabi/9.3.1/thumb/v7e-m+fp/hard/crtn.o
OUTPUT(Cartridge_Depositor_PCB_Prototype.elf elf32-littlearm)
LOAD linker stubs
LOAD c:/st/stm32cubeide_1.6.1/stm32cubeide/plugins/com.st.stm32cube.ide.mcu.externaltools.gnu-tools-for-stm32.9-2020-q2-update.win32_1.5.0.202011040924/tools/bin/../lib/gcc/arm-none-eabi/9.3.1/../../../../arm-none-eabi/lib/thumb/v7e-m+fp/hard\libc.a
LOAD c:/st/stm32cubeide_1.6.1/stm32cubeide/plugins/com.st.stm32cube.ide.mcu.externaltools.gnu-tools-for-stm32.9-2020-q2-update.win32_1.5.0.202011040924/tools/bin/../lib/gcc/arm-none-eabi/9.3.1/../../../../arm-none-eabi/lib/thumb/v7e-m+fp/hard\libm.a
LOAD c:/st/stm32cubeide_1.6.1/stm32cubeide/plugins/com.st.stm32cube.ide.mcu.externaltools.gnu-tools-for-stm32.9-2020-q2-update.win32_1.5.0.202011040924/tools/bin/../lib/gcc/arm-none-eabi/9.3.1/thumb/v7e-m+fp/hard\libgcc.a

.debug_info     0x0000000000000000    0x1ac4f
 .debug_info    0x0000000000000000     0x1ca0 Core/Src/MY_ILI9341.o
 .debug_info    0x0000000000001ca0     0x19fa Core/Src/main.o
 .debug_info    0x000000000000369a      0xe4d Core/Src/stm32f4xx_hal_msp.o
 .debug_info    0x00000000000044e7      0x6db Core/Src/stm32f4xx_it.o
 .debug_info    0x0000000000004bc2      0x5a4 Core/Src/system_stm32f4xx.o
 .debug_info    0x0000000000005166       0x22 Core/Startup/startup_stm32f405rgtx.o
 .debug_info    0x0000000000005188      0x9a0 Drivers/STM32F4xx_HAL_Driver/Src/stm32f4xx_hal.o
 .debug_info    0x0000000000005b28      0xec5 Drivers/STM32F4xx_HAL_Driver/Src/stm32f4xx_hal_cortex.o
 .debug_info    0x00000000000069ed      0x83e Drivers/STM32F4xx_HAL_Driver/Src/stm32f4xx_hal_gpio.o
 .debug_info    0x000000000000722b     0x12dd Drivers/STM32F4xx_HAL_Driver/Src/stm32f4xx_hal_pcd.o
 .debug_info    0x0000000000008508      0x7c3 Drivers/STM32F4xx_HAL_Driver/Src/stm32f4xx_hal_pcd_ex.o
 .debug_info    0x0000000000008ccb      0x996 Drivers/STM32F4xx_HAL_Driver/Src/stm32f4xx_hal_rcc.o
 .debug_info    0x0000000000009661     0x17c0 Drivers/STM32F4xx_HAL_Driver/Src/stm32f4xx_hal_spi.o
 .debug_info    0x000000000000ae21     0x2a90 Drivers/STM32F4xx_HAL_Driver/Src/stm32f4xx_hal_tim.o
 .debug_info    0x000000000000d8b1     0x1522 Drivers/STM32F4xx_HAL_Driver/Src/stm32f4xx_hal_tim_ex.o
 .debug_info    0x000000000000edd3     0x1a8c Drivers/STM32F4xx_HAL_Driver/Src/stm32f4xx_ll_usb.o
 .debug_info    0x000000000001085f     0x198b Middlewares/ST/STM32_USB_Device_Library/Class/CDC/Src/usbd_cdc.o
 .debug_info    0x00000000000121ea     0x13a7 Middlewares/ST/STM32_USB_Device_Library/Core/Src/usbd_core.o
 .debug_info    0x0000000000013591     0x1373 Middlewares/ST/STM32_USB_Device_Library/Core/Src/usbd_ctlreq.o
 .debug_info    0x0000000000014904     0x1095 Middlewares/ST/STM32_USB_Device_Library/Core/Src/usbd_ioreq.o
 .debug_info    0x0000000000015999      0xffe USB_DEVICE/App/usb_device.o
 .debug_info    0x0000000000016997     0x122f USB_DEVICE/App/usbd_cdc_if.o
 .debug_info    0x0000000000017bc6      0xdfa USB_DEVICE/App/usbd_desc.o
 .debug_info    0x00000000000189c0     0x228f USB_DEVICE/Target/usbd_conf.o

.debug_abbrev   0x0000000000000000     0x37f9
 .debug_abbrev  0x0000000000000000      0x299 Core/Src/MY_ILI9341.o
 .debug_abbrev  0x0000000000000299      0x2e8 Core/Src/main.o
 .debug_abbrev  0x0000000000000581      0x1db Core/Src/stm32f4xx_hal_msp.o
 .debug_abbrev  0x000000000000075c      0x184 Core/Src/stm32f4xx_it.o
 .debug_abbrev  0x00000000000008e0      0x145 Core/Src/system_stm32f4xx.o
 .debug_abbrev  0x0000000000000a25       0x12 Core/Startup/startup_stm32f405rgtx.o
 .debug_abbrev  0x0000000000000a37      0x1ed Drivers/STM32F4xx_HAL_Driver/Src/stm32f4xx_hal.o
 .debug_abbrev  0x0000000000000c24      0x33c Drivers/STM32F4xx_HAL_Driver/Src/stm32f4xx_hal_cortex.o
 .debug_abbrev  0x0000000000000f60      0x1f1 Drivers/STM32F4xx_HAL_Driver/Src/stm32f4xx_hal_gpio.o
 .debug_abbrev  0x0000000000001151      0x2a0 Drivers/STM32F4xx_HAL_Driver/Src/stm32f4xx_hal_pcd.o
 .debug_abbrev  0x00000000000013f1      0x1fb Drivers/STM32F4xx_HAL_Driver/Src/stm32f4xx_hal_pcd_ex.o
 .debug_abbrev  0x00000000000015ec      0x275 Drivers/STM32F4xx_HAL_Driver/Src/stm32f4xx_hal_rcc.o
 .debug_abbrev  0x0000000000001861      0x26e Drivers/STM32F4xx_HAL_Driver/Src/stm32f4xx_hal_spi.o
 .debug_abbrev  0x0000000000001acf      0x25e Drivers/STM32F4xx_HAL_Driver/Src/stm32f4xx_hal_tim.o
 .debug_abbrev  0x0000000000001d2d      0x266 Drivers/STM32F4xx_HAL_Driver/Src/stm32f4xx_hal_tim_ex.o
 .debug_abbrev  0x0000000000001f93      0x2a7 Drivers/STM32F4xx_HAL_Driver/Src/stm32f4xx_ll_usb.o
 .debug_abbrev  0x000000000000223a      0x2fc Middlewares/ST/STM32_USB_Device_Library/Class/CDC/Src/usbd_cdc.o
 .debug_abbrev  0x0000000000002536      0x2b7 Middlewares/ST/STM32_USB_Device_Library/Core/Src/usbd_core.o
 .debug_abbrev  0x00000000000027ed      0x2fc Middlewares/ST/STM32_USB_Device_Library/Core/Src/usbd_ctlreq.o
 .debug_abbrev  0x0000000000002ae9      0x22a Middlewares/ST/STM32_USB_Device_Library/Core/Src/usbd_ioreq.o
 .debug_abbrev  0x0000000000002d13      0x204 USB_DEVICE/App/usb_device.o
 .debug_abbrev  0x0000000000002f17      0x30c USB_DEVICE/App/usbd_cdc_if.o
 .debug_abbrev  0x0000000000003223      0x2aa USB_DEVICE/App/usbd_desc.o
 .debug_abbrev  0x00000000000034cd      0x32c USB_DEVICE/Target/usbd_conf.o

.debug_aranges  0x0000000000000000     0x1308
 .debug_aranges
                0x0000000000000000       0xc8 Core/Src/MY_ILI9341.o
 .debug_aranges
                0x00000000000000c8       0x48 Core/Src/main.o
 .debug_aranges
                0x0000000000000110       0x48 Core/Src/stm32f4xx_hal_msp.o
 .debug_aranges
                0x0000000000000158       0x68 Core/Src/stm32f4xx_it.o
 .debug_aranges
                0x00000000000001c0       0x28 Core/Src/system_stm32f4xx.o
 .debug_aranges
                0x00000000000001e8       0x28 Core/Startup/startup_stm32f405rgtx.o
 .debug_aranges
                0x0000000000000210       0xf0 Drivers/STM32F4xx_HAL_Driver/Src/stm32f4xx_hal.o
 .debug_aranges
                0x0000000000000300      0x118 Drivers/STM32F4xx_HAL_Driver/Src/stm32f4xx_hal_cortex.o
 .debug_aranges
                0x0000000000000418       0x58 Drivers/STM32F4xx_HAL_Driver/Src/stm32f4xx_hal_gpio.o
 .debug_aranges
                0x0000000000000470      0x138 Drivers/STM32F4xx_HAL_Driver/Src/stm32f4xx_hal_pcd.o
 .debug_aranges
                0x00000000000005a8       0x38 Drivers/STM32F4xx_HAL_Driver/Src/stm32f4xx_hal_pcd_ex.o
 .debug_aranges
                0x00000000000005e0       0x88 Drivers/STM32F4xx_HAL_Driver/Src/stm32f4xx_hal_rcc.o
 .debug_aranges
                0x0000000000000668      0x1d0 Drivers/STM32F4xx_HAL_Driver/Src/stm32f4xx_hal_spi.o
 .debug_aranges
                0x0000000000000838      0x3d0 Drivers/STM32F4xx_HAL_Driver/Src/stm32f4xx_hal_tim.o
 .debug_aranges
                0x0000000000000c08      0x168 Drivers/STM32F4xx_HAL_Driver/Src/stm32f4xx_hal_tim_ex.o
 .debug_aranges
                0x0000000000000d70      0x198 Drivers/STM32F4xx_HAL_Driver/Src/stm32f4xx_ll_usb.o
 .debug_aranges
                0x0000000000000f08       0x90 Middlewares/ST/STM32_USB_Device_Library/Class/CDC/Src/usbd_cdc.o
 .debug_aranges
                0x0000000000000f98       0xb8 Middlewares/ST/STM32_USB_Device_Library/Core/Src/usbd_core.o
 .debug_aranges
                0x0000000000001050       0x90 Middlewares/ST/STM32_USB_Device_Library/Core/Src/usbd_ctlreq.o
 .debug_aranges
                0x00000000000010e0       0x50 Middlewares/ST/STM32_USB_Device_Library/Core/Src/usbd_ioreq.o
 .debug_aranges
                0x0000000000001130       0x20 USB_DEVICE/App/usb_device.o
 .debug_aranges
                0x0000000000001150       0x48 USB_DEVICE/App/usbd_cdc_if.o
 .debug_aranges
                0x0000000000001198       0x60 USB_DEVICE/App/usbd_desc.o
 .debug_aranges
                0x00000000000011f8      0x110 USB_DEVICE/Target/usbd_conf.o

.debug_ranges   0x0000000000000000     0x1190
 .debug_ranges  0x0000000000000000       0xb8 Core/Src/MY_ILI9341.o
 .debug_ranges  0x00000000000000b8       0x38 Core/Src/main.o
 .debug_ranges  0x00000000000000f0       0x38 Core/Src/stm32f4xx_hal_msp.o
 .debug_ranges  0x0000000000000128       0x58 Core/Src/stm32f4xx_it.o
 .debug_ranges  0x0000000000000180       0x18 Core/Src/system_stm32f4xx.o
 .debug_ranges  0x0000000000000198       0x20 Core/Startup/startup_stm32f405rgtx.o
 .debug_ranges  0x00000000000001b8       0xe0 Drivers/STM32F4xx_HAL_Driver/Src/stm32f4xx_hal.o
 .debug_ranges  0x0000000000000298      0x108 Drivers/STM32F4xx_HAL_Driver/Src/stm32f4xx_hal_cortex.o
 .debug_ranges  0x00000000000003a0       0x48 Drivers/STM32F4xx_HAL_Driver/Src/stm32f4xx_hal_gpio.o
 .debug_ranges  0x00000000000003e8      0x128 Drivers/STM32F4xx_HAL_Driver/Src/stm32f4xx_hal_pcd.o
 .debug_ranges  0x0000000000000510       0x28 Drivers/STM32F4xx_HAL_Driver/Src/stm32f4xx_hal_pcd_ex.o
 .debug_ranges  0x0000000000000538       0x78 Drivers/STM32F4xx_HAL_Driver/Src/stm32f4xx_hal_rcc.o
 .debug_ranges  0x00000000000005b0      0x1c0 Drivers/STM32F4xx_HAL_Driver/Src/stm32f4xx_hal_spi.o
 .debug_ranges  0x0000000000000770      0x3c0 Drivers/STM32F4xx_HAL_Driver/Src/stm32f4xx_hal_tim.o
 .debug_ranges  0x0000000000000b30      0x158 Drivers/STM32F4xx_HAL_Driver/Src/stm32f4xx_hal_tim_ex.o
 .debug_ranges  0x0000000000000c88      0x188 Drivers/STM32F4xx_HAL_Driver/Src/stm32f4xx_ll_usb.o
 .debug_ranges  0x0000000000000e10       0x80 Middlewares/ST/STM32_USB_Device_Library/Class/CDC/Src/usbd_cdc.o
 .debug_ranges  0x0000000000000e90       0xa8 Middlewares/ST/STM32_USB_Device_Library/Core/Src/usbd_core.o
 .debug_ranges  0x0000000000000f38       0x80 Middlewares/ST/STM32_USB_Device_Library/Core/Src/usbd_ctlreq.o
 .debug_ranges  0x0000000000000fb8       0x40 Middlewares/ST/STM32_USB_Device_Library/Core/Src/usbd_ioreq.o
 .debug_ranges  0x0000000000000ff8       0x10 USB_DEVICE/App/usb_device.o
 .debug_ranges  0x0000000000001008       0x38 USB_DEVICE/App/usbd_cdc_if.o
 .debug_ranges  0x0000000000001040       0x50 USB_DEVICE/App/usbd_desc.o
 .debug_ranges  0x0000000000001090      0x100 USB_DEVICE/Target/usbd_conf.o

.debug_macro    0x0000000000000000     0x519f
 .debug_macro   0x0000000000000000      0x3c7 Core/Src/MY_ILI9341.o
 .debug_macro   0x00000000000003c7       0x8e Core/Src/MY_ILI9341.o
 .debug_macro   0x0000000000000455       0x51 Core/Src/MY_ILI9341.o
 .debug_macro   0x00000000000004a6       0xdf Core/Src/MY_ILI9341.o
 .debug_macro   0x0000000000000585      0x174 Core/Src/MY_ILI9341.o
 .debug_macro   0x00000000000006f9       0x5c Core/Src/MY_ILI9341.o
 .debug_macro   0x0000000000000755       0x52 Core/Src/MY_ILI9341.o
 .debug_macro   0x00000000000007a7      0x333 Core/Src/MY_ILI9341.o
 .debug_macro   0x0000000000000ada      0x44d Core/Src/main.o
 .debug_macro   0x0000000000000f27       0x4c Core/Src/main.o
 .debug_macro   0x0000000000000f73       0x16 Core/Src/main.o
 .debug_macro   0x0000000000000f89       0x65 Core/Src/main.o
 .debug_macro   0x0000000000000fee      0x1ef Core/Src/main.o
 .debug_macro   0x00000000000011dd      0x201 Core/Src/stm32f4xx_hal_msp.o
 .debug_macro   0x00000000000013de      0x20b Core/Src/stm32f4xx_it.o
 .debug_macro   0x00000000000015e9      0x1f2 Core/Src/system_stm32f4xx.o
 .debug_macro   0x00000000000017db      0x252 Drivers/STM32F4xx_HAL_Driver/Src/stm32f4xx_hal.o
 .debug_macro   0x0000000000001a2d      0x1f2 Drivers/STM32F4xx_HAL_Driver/Src/stm32f4xx_hal_cortex.o
 .debug_macro   0x0000000000001c1f      0x1f8 Drivers/STM32F4xx_HAL_Driver/Src/stm32f4xx_hal_gpio.o
 .debug_macro   0x0000000000001e17      0x1fe Drivers/STM32F4xx_HAL_Driver/Src/stm32f4xx_hal_pcd.o
 .debug_macro   0x0000000000002015      0x1f2 Drivers/STM32F4xx_HAL_Driver/Src/stm32f4xx_hal_pcd_ex.o
 .debug_macro   0x0000000000002207      0x216 Drivers/STM32F4xx_HAL_Driver/Src/stm32f4xx_hal_rcc.o
 .debug_macro   0x000000000000241d      0x201 Drivers/STM32F4xx_HAL_Driver/Src/stm32f4xx_hal_spi.o
 .debug_macro   0x000000000000261e      0x1f3 Drivers/STM32F4xx_HAL_Driver/Src/stm32f4xx_hal_tim.o
 .debug_macro   0x0000000000002811      0x1f2 Drivers/STM32F4xx_HAL_Driver/Src/stm32f4xx_hal_tim_ex.o
 .debug_macro   0x0000000000002a03      0x1f2 Drivers/STM32F4xx_HAL_Driver/Src/stm32f4xx_ll_usb.o
 .debug_macro   0x0000000000002bf5      0x417 Middlewares/ST/STM32_USB_Device_Library/Class/CDC/Src/usbd_cdc.o
 .debug_macro   0x000000000000300c       0x97 Middlewares/ST/STM32_USB_Device_Library/Class/CDC/Src/usbd_cdc.o
 .debug_macro   0x00000000000030a3       0xfd Middlewares/ST/STM32_USB_Device_Library/Class/CDC/Src/usbd_cdc.o
 .debug_macro   0x00000000000031a0       0x95 Middlewares/ST/STM32_USB_Device_Library/Class/CDC/Src/usbd_cdc.o
 .debug_macro   0x0000000000003235      0x3fe Middlewares/ST/STM32_USB_Device_Library/Core/Src/usbd_core.o
 .debug_macro   0x0000000000003633      0x1f5 Middlewares/ST/STM32_USB_Device_Library/Core/Src/usbd_core.o
 .debug_macro   0x0000000000003828      0x408 Middlewares/ST/STM32_USB_Device_Library/Core/Src/usbd_ctlreq.o
 .debug_macro   0x0000000000003c30      0x404 Middlewares/ST/STM32_USB_Device_Library/Core/Src/usbd_ioreq.o
 .debug_macro   0x0000000000004034      0x437 USB_DEVICE/App/usb_device.o
 .debug_macro   0x000000000000446b       0x52 USB_DEVICE/App/usb_device.o
 .debug_macro   0x00000000000044bd       0x22 USB_DEVICE/App/usb_device.o
 .debug_macro   0x00000000000044df       0x16 USB_DEVICE/App/usb_device.o
 .debug_macro   0x00000000000044f5      0x422 USB_DEVICE/App/usbd_cdc_if.o
 .debug_macro   0x0000000000004917       0x10 USB_DEVICE/App/usbd_cdc_if.o
 .debug_macro   0x0000000000004927      0x441 USB_DEVICE/App/usbd_desc.o
 .debug_macro   0x0000000000004d68       0x1c USB_DEVICE/App/usbd_desc.o
 .debug_macro   0x0000000000004d84      0x41b USB_DEVICE/Target/usbd_conf.o

.debug_line     0x0000000000000000    0x16a05
 .debug_line    0x0000000000000000     0x1078 Core/Src/MY_ILI9341.o
 .debug_line    0x0000000000001078      0xb8c Core/Src/main.o
 .debug_line    0x0000000000001c04      0x7c1 Core/Src/stm32f4xx_hal_msp.o
 .debug_line    0x00000000000023c5      0x7e7 Core/Src/stm32f4xx_it.o
 .debug_line    0x0000000000002bac      0x78e Core/Src/system_stm32f4xx.o
 .debug_line    0x000000000000333a       0x88 Core/Startup/startup_stm32f405rgtx.o
 .debug_line    0x00000000000033c2      0x9f4 Drivers/STM32F4xx_HAL_Driver/Src/stm32f4xx_hal.o
 .debug_line    0x0000000000003db6      0xca3 Drivers/STM32F4xx_HAL_Driver/Src/stm32f4xx_hal_cortex.o
 .debug_line    0x0000000000004a59      0xb6c Drivers/STM32F4xx_HAL_Driver/Src/stm32f4xx_hal_gpio.o
 .debug_line    0x00000000000055c5     0x133f Drivers/STM32F4xx_HAL_Driver/Src/stm32f4xx_hal_pcd.o
 .debug_line    0x0000000000006904      0x7d7 Drivers/STM32F4xx_HAL_Driver/Src/stm32f4xx_hal_pcd_ex.o
 .debug_line    0x00000000000070db      0xd6e Drivers/STM32F4xx_HAL_Driver/Src/stm32f4xx_hal_rcc.o
 .debug_line    0x0000000000007e49     0x1c7c Drivers/STM32F4xx_HAL_Driver/Src/stm32f4xx_hal_spi.o
 .debug_line    0x0000000000009ac5     0x3620 Drivers/STM32F4xx_HAL_Driver/Src/stm32f4xx_hal_tim.o
 .debug_line    0x000000000000d0e5     0x19c1 Drivers/STM32F4xx_HAL_Driver/Src/stm32f4xx_hal_tim_ex.o
 .debug_line    0x000000000000eaa6     0x18c5 Drivers/STM32F4xx_HAL_Driver/Src/stm32f4xx_ll_usb.o
 .debug_line    0x000000000001036b      0xdda Middlewares/ST/STM32_USB_Device_Library/Class/CDC/Src/usbd_cdc.o
 .debug_line    0x0000000000011145      0xe5d Middlewares/ST/STM32_USB_Device_Library/Core/Src/usbd_core.o
 .debug_line    0x0000000000011fa2     0x10dd Middlewares/ST/STM32_USB_Device_Library/Core/Src/usbd_ctlreq.o
 .debug_line    0x000000000001307f      0xab4 Middlewares/ST/STM32_USB_Device_Library/Core/Src/usbd_ioreq.o
 .debug_line    0x0000000000013b33      0xa70 USB_DEVICE/App/usb_device.o
 .debug_line    0x00000000000145a3      0xad3 USB_DEVICE/App/usbd_cdc_if.o
 .debug_line    0x0000000000015076      0xb39 USB_DEVICE/App/usbd_desc.o
 .debug_line    0x0000000000015baf      0xe56 USB_DEVICE/Target/usbd_conf.o

.debug_str      0x0000000000000000    0xc432e
 .debug_str     0x0000000000000000    0xbda9b Core/Src/MY_ILI9341.o
                                      0xbde43 (size before relaxing)
 .debug_str     0x00000000000bda9b     0x1a37 Core/Src/main.o
                                      0xbf671 (size before relaxing)
 .debug_str     0x00000000000bf4d2       0xa2 Core/Src/stm32f4xx_hal_msp.o
                                      0xb982a (size before relaxing)
 .debug_str     0x00000000000bf574      0x3fc Core/Src/stm32f4xx_it.o
                                      0xb937e (size before relaxing)
 .debug_str     0x00000000000bf970       0xaf Core/Src/system_stm32f4xx.o
                                      0xb8f8e (size before relaxing)
 .debug_str     0x00000000000bfa1f       0x36 Core/Startup/startup_stm32f405rgtx.o
                                         0x8a (size before relaxing)
 .debug_str     0x00000000000bfa55      0xa29 Drivers/STM32F4xx_HAL_Driver/Src/stm32f4xx_hal.o
                                      0xb9a4f (size before relaxing)
 .debug_str     0x00000000000c047e      0x399 Drivers/STM32F4xx_HAL_Driver/Src/stm32f4xx_hal_cortex.o
                                      0xb983e (size before relaxing)
 .debug_str     0x00000000000c0817      0x15f Drivers/STM32F4xx_HAL_Driver/Src/stm32f4xx_hal_gpio.o
                                      0xb9135 (size before relaxing)
 .debug_str     0x00000000000c0976      0x564 Drivers/STM32F4xx_HAL_Driver/Src/stm32f4xx_hal_pcd.o
                                      0xb9778 (size before relaxing)
 .debug_str     0x00000000000c0eda      0x13f Drivers/STM32F4xx_HAL_Driver/Src/stm32f4xx_hal_pcd_ex.o
                                      0xb9343 (size before relaxing)
 .debug_str     0x00000000000c1019      0x259 Drivers/STM32F4xx_HAL_Driver/Src/stm32f4xx_hal_rcc.o
                                      0xb9390 (size before relaxing)
 .debug_str     0x00000000000c1272      0x574 Drivers/STM32F4xx_HAL_Driver/Src/stm32f4xx_hal_spi.o
                                      0xb9832 (size before relaxing)
 .debug_str     0x00000000000c17e6      0xd83 Drivers/STM32F4xx_HAL_Driver/Src/stm32f4xx_hal_tim.o
                                      0xba2b6 (size before relaxing)
 .debug_str     0x00000000000c2569      0x4ee Drivers/STM32F4xx_HAL_Driver/Src/stm32f4xx_hal_tim_ex.o
                                      0xb9a67 (size before relaxing)
 .debug_str     0x00000000000c2a57      0x693 Drivers/STM32F4xx_HAL_Driver/Src/stm32f4xx_ll_usb.o
                                      0xb9899 (size before relaxing)
 .debug_str     0x00000000000c30ea      0x913 Middlewares/ST/STM32_USB_Device_Library/Class/CDC/Src/usbd_cdc.o
                                      0xbe882 (size before relaxing)
 .debug_str     0x00000000000c39fd      0x1a2 Middlewares/ST/STM32_USB_Device_Library/Core/Src/usbd_core.o
                                      0xbe10e (size before relaxing)
 .debug_str     0x00000000000c3b9f      0x152 Middlewares/ST/STM32_USB_Device_Library/Core/Src/usbd_ctlreq.o
                                      0xbe0cc (size before relaxing)
 .debug_str     0x00000000000c3cf1       0xc9 Middlewares/ST/STM32_USB_Device_Library/Core/Src/usbd_ioreq.o
                                      0xbe01c (size before relaxing)
 .debug_str     0x00000000000c3dba      0x118 USB_DEVICE/App/usb_device.o
                                      0xbe3ab (size before relaxing)
 .debug_str     0x00000000000c3ed2       0x9a USB_DEVICE/App/usbd_cdc_if.o
                                      0xbe3fd (size before relaxing)
 .debug_str     0x00000000000c3f6c      0x26e USB_DEVICE/App/usbd_desc.o
                                      0xbdf6e (size before relaxing)
 .debug_str     0x00000000000c41da      0x154 USB_DEVICE/Target/usbd_conf.o
                                      0xbef8b (size before relaxing)

.comment        0x0000000000000000       0x53
 .comment       0x0000000000000000       0x53 Core/Src/MY_ILI9341.o
                                         0x54 (size before relaxing)
 .comment       0x0000000000000053       0x54 Core/Src/main.o
 .comment       0x0000000000000053       0x54 Core/Src/stm32f4xx_hal_msp.o
 .comment       0x0000000000000053       0x54 Core/Src/stm32f4xx_it.o
 .comment       0x0000000000000053       0x54 Core/Src/system_stm32f4xx.o
 .comment       0x0000000000000053       0x54 Drivers/STM32F4xx_HAL_Driver/Src/stm32f4xx_hal.o
 .comment       0x0000000000000053       0x54 Drivers/STM32F4xx_HAL_Driver/Src/stm32f4xx_hal_cortex.o
 .comment       0x0000000000000053       0x54 Drivers/STM32F4xx_HAL_Driver/Src/stm32f4xx_hal_gpio.o
 .comment       0x0000000000000053       0x54 Drivers/STM32F4xx_HAL_Driver/Src/stm32f4xx_hal_pcd.o
 .comment       0x0000000000000053       0x54 Drivers/STM32F4xx_HAL_Driver/Src/stm32f4xx_hal_pcd_ex.o
 .comment       0x0000000000000053       0x54 Drivers/STM32F4xx_HAL_Driver/Src/stm32f4xx_hal_rcc.o
 .comment       0x0000000000000053       0x54 Drivers/STM32F4xx_HAL_Driver/Src/stm32f4xx_hal_spi.o
 .comment       0x0000000000000053       0x54 Drivers/STM32F4xx_HAL_Driver/Src/stm32f4xx_hal_tim.o
 .comment       0x0000000000000053       0x54 Drivers/STM32F4xx_HAL_Driver/Src/stm32f4xx_hal_tim_ex.o
 .comment       0x0000000000000053       0x54 Drivers/STM32F4xx_HAL_Driver/Src/stm32f4xx_ll_usb.o
 .comment       0x0000000000000053       0x54 Middlewares/ST/STM32_USB_Device_Library/Class/CDC/Src/usbd_cdc.o
 .comment       0x0000000000000053       0x54 Middlewares/ST/STM32_USB_Device_Library/Core/Src/usbd_core.o
 .comment       0x0000000000000053       0x54 Middlewares/ST/STM32_USB_Device_Library/Core/Src/usbd_ctlreq.o
 .comment       0x0000000000000053       0x54 Middlewares/ST/STM32_USB_Device_Library/Core/Src/usbd_ioreq.o
 .comment       0x0000000000000053       0x54 USB_DEVICE/App/usb_device.o
 .comment       0x0000000000000053       0x54 USB_DEVICE/App/usbd_cdc_if.o
 .comment       0x0000000000000053       0x54 USB_DEVICE/App/usbd_desc.o
 .comment       0x0000000000000053       0x54 USB_DEVICE/Target/usbd_conf.o

.debug_frame    0x0000000000000000     0x4ff4
 .debug_frame   0x0000000000000000      0x35c Core/Src/MY_ILI9341.o
 .debug_frame   0x000000000000035c       0xd0 Core/Src/main.o
 .debug_frame   0x000000000000042c       0xf4 Core/Src/stm32f4xx_hal_msp.o
 .debug_frame   0x0000000000000520      0x120 Core/Src/stm32f4xx_it.o
 .debug_frame   0x0000000000000640       0x58 Core/Src/system_stm32f4xx.o
 .debug_frame   0x0000000000000698      0x374 Drivers/STM32F4xx_HAL_Driver/Src/stm32f4xx_hal.o
 .debug_frame   0x0000000000000a0c      0x498 Drivers/STM32F4xx_HAL_Driver/Src/stm32f4xx_hal_cortex.o
 .debug_frame   0x0000000000000ea4      0x14c Drivers/STM32F4xx_HAL_Driver/Src/stm32f4xx_hal_gpio.o
 .debug_frame   0x0000000000000ff0      0x574 Drivers/STM32F4xx_HAL_Driver/Src/stm32f4xx_hal_pcd.o
 .debug_frame   0x0000000000001564       0xb0 Drivers/STM32F4xx_HAL_Driver/Src/stm32f4xx_hal_pcd_ex.o
 .debug_frame   0x0000000000001614      0x1ec Drivers/STM32F4xx_HAL_Driver/Src/stm32f4xx_hal_rcc.o
 .debug_frame   0x0000000000001800      0x824 Drivers/STM32F4xx_HAL_Driver/Src/stm32f4xx_hal_spi.o
 .debug_frame   0x0000000000002024     0x11bc Drivers/STM32F4xx_HAL_Driver/Src/stm32f4xx_hal_tim.o
 .debug_frame   0x00000000000031e0      0x638 Drivers/STM32F4xx_HAL_Driver/Src/stm32f4xx_hal_tim_ex.o
 .debug_frame   0x0000000000003818      0x798 Drivers/STM32F4xx_HAL_Driver/Src/stm32f4xx_ll_usb.o
 .debug_frame   0x0000000000003fb0      0x248 Middlewares/ST/STM32_USB_Device_Library/Class/CDC/Src/usbd_cdc.o
 .debug_frame   0x00000000000041f8      0x2f4 Middlewares/ST/STM32_USB_Device_Library/Core/Src/usbd_core.o
 .debug_frame   0x00000000000044ec      0x23c Middlewares/ST/STM32_USB_Device_Library/Core/Src/usbd_ctlreq.o